  console.log
    ◇ injected env (0) from backend/.env.test // tip: ◈ encrypted .env [www.dotenvx.com]

      at _log (../../../../node_modules/dotenv/lib/main.js:131:11)

FAIL backend/src/modules/admin/services/conseil-quality-backfill.test.ts (9.963 s)
  Conseil backfill traversal through real Supabase query builder
    ✕ visits all 250 rows even though successful writes shrink the NULL selection (24 ms)
    ✕ does not loop on failed rows and still reaches later batches (23 ms)
    ✕ leaves a concurrently populated score untouched and does not count it as updated (2 ms)
    ✕ fails explicitly on a read error instead of inventing 100 failed rows (1 ms)
    ✕ is idempotent on a second pass and preserves existing scores (5 ms)

  ● Conseil backfill traversal through real Supabase query builder › visits all 250 rows even though successful writes shrink the NULL selection

    expect(received).toEqual(expected) // deep equality

    - Expected  - 2
    + Received  + 1

      Object {
        "failed": 0,
    -   "skipped": 0,
    -   "updated": 250,
    +   "updated": 150,
      }

      101 |     const rows = rowsOf(250);
      102 |     const { service, attempts, reads } = harness(rows);
    > 103 |     expect(await service.backfillQualityScores()).toEqual({
          |                                                   ^
      104 |       updated: 250,
      105 |       failed: 0,
      106 |       skipped: 0,

      at Object.<anonymous> (src/modules/admin/services/conseil-quality-backfill.test.ts:103:51)

  ● Conseil backfill traversal through real Supabase query builder › does not loop on failed rows and still reaches later batches

    expect(received).toEqual(expected) // deep equality

    - Expected  - 2
    + Received  + 1

      Object {
        "failed": 100,
    -   "skipped": 0,
    -   "updated": 150,
    +   "updated": 100,
      }

      117 |     const failIds = new Set(rows.slice(0, 100).map((r) => r.sgc_id));
      118 |     const { service, attempts } = harness(rows, { failIds });
    > 119 |     expect(await service.backfillQualityScores()).toEqual({
          |                                                   ^
      120 |       updated: 150,
      121 |       failed: 100,
      122 |       skipped: 0,

      at Object.<anonymous> (src/modules/admin/services/conseil-quality-backfill.test.ts:119:51)

  ● Conseil backfill traversal through real Supabase query builder › leaves a concurrently populated score untouched and does not count it as updated

    expect(received).toEqual(expected) // deep equality

    - Expected  - 2
    + Received  + 1

      Object {
        "failed": 0,
    -   "skipped": 1,
    -   "updated": 0,
    +   "updated": 1,
      }

      133 |       },
      134 |     });
    > 135 |     expect(await service.backfillQualityScores()).toEqual({
          |                                                   ^
      136 |       updated: 0,
      137 |       failed: 0,
      138 |       skipped: 1,

      at Object.<anonymous> (src/modules/admin/services/conseil-quality-backfill.test.ts:135:51)

  ● Conseil backfill traversal through real Supabase query builder › fails explicitly on a read error instead of inventing 100 failed rows

    expect(received).rejects.toMatchObject()

    Received promise resolved instead of rejected
    Resolved to value: {"failed": 100, "updated": 0}

      143 |   it('fails explicitly on a read error instead of inventing 100 failed rows', async () => {
      144 |     const { service } = harness(rowsOf(1), { failRead: true });
    > 145 |     await expect(service.backfillQualityScores()).rejects.toMatchObject({
          |           ^
      146 |       message: 'fixture read failure',
      147 |     });
      148 |   });

      at expect (../../../../node_modules/expect/build/index.js:113:15)
      at Object.<anonymous> (src/modules/admin/services/conseil-quality-backfill.test.ts:145:11)

  ● Conseil backfill traversal through real Supabase query builder › is idempotent on a second pass and preserves existing scores

    expect(received).toEqual(expected) // deep equality

    - Expected  - 1
    + Received  + 0

      Object {
        "failed": 0,
    -   "skipped": 0,
        "updated": 100,
      }

      152 |     rows[0].sgc_quality_score = 91;
      153 |     const { service } = harness(rows);
    > 154 |     expect(await service.backfillQualityScores()).toEqual({
          |                                                   ^
      155 |       updated: 100,
      156 |       failed: 0,
      157 |       skipped: 0,

      at Object.<anonymous> (src/modules/admin/services/conseil-quality-backfill.test.ts:154:51)

Test Suites: 1 failed, 1 total
Tests:       5 failed, 5 total
Snapshots:   0 total
Time:        10.149 s
Ran all test suites within paths "backend/src/modules/admin/services/conseil-quality-backfill.test.ts".
