PASS backend/src/modules/admin/services/keyword-plan-gates.sources.test.ts (9.533 s)
  ● Console

    console.log
      ◇ injected env (0) from backend/.env.test // tip: ⌁ auth for agents [www.vestauth.com]

      at _log (../../../../node_modules/dotenv/lib/main.js:131:11)

[32m[Nest] 788444  - [39m13/09/2026 11:19:17 [32m    LOG[39m [38;5;3m[KeywordPlanGatesService] [39m[32mAudit: 7/7 sections (100%), avg=100, improve=1, create=0, priority=5[39m
[32m[Nest] 788444  - [39m13/09/2026 11:19:17 [32m    LOG[39m [38;5;3m[KeywordPlanGatesService] [39m[32mAudit: 7/7 sections (100%), avg=100, improve=0, create=0, priority=0[39m
PASS backend/tests/unit/quality-scoring-semantic-penalties.test.ts
  ● Console

    console.log
      ◇ injected env (0) from backend/.env.test // tip: ⌘ custom filepath { path: '/custom/path/.env' }

      at _log (../../../../node_modules/dotenv/lib/main.js:131:11)

PASS backend/src/modules/admin/services/conseil-quality-scorer.service.test.ts
  ● Console

    console.log
      ◇ injected env (0) from backend/.env.test // tip: ⌘ suppress logs { quiet: true }

      at _log (../../../../node_modules/dotenv/lib/main.js:131:11)

PASS backend/src/modules/admin/services/conseil-quality-backfill.test.ts
  ● Console

    console.log
      ◇ injected env (0) from backend/.env.test // tip: ⌘ custom filepath { path: '/custom/path/.env' }

      at _log (../../../../node_modules/dotenv/lib/main.js:131:11)


Test Suites: 4 passed, 4 total
Tests:       62 passed, 62 total
Snapshots:   0 total
Time:        10.405 s
Ran all test suites within paths "backend/src/modules/admin/services/conseil-quality-backfill.test.ts", "backend/src/modules/admin/services/conseil-quality-scorer.service.test.ts", "backend/src/modules/admin/services/keyword-plan-gates.sources.test.ts", "backend/tests/unit/quality-scoring-semantic-penalties.test.ts".
