  console.log
    ◇ injected env (0) from .env.test // tip: ⌘ multiple files { path: ['.env.local', '.env'] }

      at _log (../../../../node_modules/dotenv/lib/main.js:131:11)

FAIL src/modules/seo-projection/seo-projection-writer-role-scope.test.ts (9.896 s)
  writeEntity — facts/role decouple + role-scoping (non-negotiable)
    ✓ trigger R3 (entité neuve) → facts written + SEULS blocs R3 écrits (jamais R4) (3 ms)
    ✓ facts NO-OP ne saute PAS un nouveau rôle : re-trigger R4 sur export inchangé → facts noop + blocs R4 écrits, R3 intact
    ✓ slurp (role absent) → facts written + TOUS les blocs (R3 + R4) écrits
    ✓ facts noop + bloc du rôle noop → factsOutcome=noop ET roleOutcome=noop (0 écriture de version) (1 ms)
    ✓ régression : 1er run insère 1 draft + 1 conflit (active plus fiable préservée)
    ✓ régression IDEMPOTENTE : re-projeter un export régressant inchangé (draft déjà présent) → no-op, 0 draft dupliqué, 0 conflit
    ✓ projectExports([]) → no-op observable, aucun run ouvert (job malformé/stale)
    ✓ atomicité snapshot-first : export LISIBLE mais publication snapshot ÉCHOUE → 0 flip actif, run failed (2 ms)
  all requested canonical roles — isolated projection and replay
    ✓ R1_ROUTER writes only its block when shared facts are unchanged (1 ms)
    ✓ R2_PRODUCT writes only its block when shared facts are unchanged
    ✓ R3_CONSEILS writes only its block when shared facts are unchanged
    ✓ R6_GUIDE_ACHAT writes only its block when shared facts are unchanged (1 ms)
    ✓ R7_BRAND writes only its block when shared facts are unchanged
    ✓ R8_VEHICLE writes only its block when shared facts are unchanged
    ✓ R1_ROUTER unchanged replay creates no new content version
    ✓ R2_PRODUCT unchanged replay creates no new content version (1 ms)
    ✓ R3_CONSEILS unchanged replay creates no new content version
    ✓ R6_GUIDE_ACHAT unchanged replay creates no new content version
    ✓ R7_BRAND unchanged replay creates no new content version
    ✓ R8_VEHICLE unchanged replay creates no new content version
  identité des octets archivés et projetés
    ✓ un changement du fichier after-open-run ne remplace pas les octets capturés (7 ms)
    ✓ un changement du fichier after-snapshot ne remplace pas les octets capturés (5 ms)
  capture incomplète ou archive ambiguë
    ✓ missing-later-input refuse le lot avant toute version active (1 ms)
    ✓ duplicate-basename refuse le lot avant toute version active (1 ms)
  identité non ambiguë des blocs avant toute écriture
    ✕ sections normalisées : refus sans upsert ni version, même en mode mono-rôle (1 ms)
    ✕ section et index positionnel : refus sans upsert ni version, même en mode mono-rôle
    ✕ block_kind explicite : refus sans upsert ni version, même en mode mono-rôle
    ✕ identifiant explicite partagé entre rôles : refus sans upsert ni version, même en mode mono-rôle
    ✓ deux sections de même nom dans des rôles différents gardent des identifiants distincts (1 ms)
    ✓ un doublon limité à un autre rôle ne bloque pas le rôle demandé
    ✕ le mode tous rôles refuse aussi le doublon présent en fin de tableau

  ● identité non ambiguë des blocs avant toute écriture › sections normalisées : refus sans upsert ni version, même en mode mono-rôle

    expect(received).rejects.toThrow()

    Received promise resolved instead of rejected
    Resolved to value: {"blocksWritten": 2, "conflicts": 0, "entity_id": "gamme:filtre-a-huile", "factsOutcome": "written", "factsVersionId": "v-1", "role": "R3_CONSEILS", "roleOutcome": "written"}

      684 |         blocksActive: new Map(),
      685 |       });
    > 686 |       await expect(
          |             ^
      687 |         makeWriter(client).writeEntity(exp, 'test-identity', 'R3_CONSEILS'),
      688 |       ).rejects.toThrow('ambiguous block identity');
      689 |       expect(ops).toHaveLength(0);

      at expect (../../../../node_modules/expect/build/index.js:113:15)
      at src/modules/seo-projection/seo-projection-writer-role-scope.test.ts:686:13

  ● identité non ambiguë des blocs avant toute écriture › section et index positionnel : refus sans upsert ni version, même en mode mono-rôle

    expect(received).rejects.toThrow()

    Received promise resolved instead of rejected
    Resolved to value: {"blocksWritten": 2, "conflicts": 0, "entity_id": "gamme:filtre-a-huile", "factsOutcome": "written", "factsVersionId": "v-1", "role": "R3_CONSEILS", "roleOutcome": "written"}

      684 |         blocksActive: new Map(),
      685 |       });
    > 686 |       await expect(
          |             ^
      687 |         makeWriter(client).writeEntity(exp, 'test-identity', 'R3_CONSEILS'),
      688 |       ).rejects.toThrow('ambiguous block identity');
      689 |       expect(ops).toHaveLength(0);

      at expect (../../../../node_modules/expect/build/index.js:113:15)
      at src/modules/seo-projection/seo-projection-writer-role-scope.test.ts:686:13

  ● identité non ambiguë des blocs avant toute écriture › block_kind explicite : refus sans upsert ni version, même en mode mono-rôle

    expect(received).rejects.toThrow()

    Received promise resolved instead of rejected
    Resolved to value: {"blocksWritten": 2, "conflicts": 0, "entity_id": "gamme:filtre-a-huile", "factsOutcome": "written", "factsVersionId": "v-1", "role": "R3_CONSEILS", "roleOutcome": "written"}

      684 |         blocksActive: new Map(),
      685 |       });
    > 686 |       await expect(
          |             ^
      687 |         makeWriter(client).writeEntity(exp, 'test-identity', 'R3_CONSEILS'),
      688 |       ).rejects.toThrow('ambiguous block identity');
      689 |       expect(ops).toHaveLength(0);

      at expect (../../../../node_modules/expect/build/index.js:113:15)
      at src/modules/seo-projection/seo-projection-writer-role-scope.test.ts:686:13

  ● identité non ambiguë des blocs avant toute écriture › identifiant explicite partagé entre rôles : refus sans upsert ni version, même en mode mono-rôle

    expect(received).rejects.toThrow()

    Received promise resolved instead of rejected
    Resolved to value: {"blocksWritten": 1, "conflicts": 0, "entity_id": "gamme:filtre-a-huile", "factsOutcome": "written", "factsVersionId": "v-1", "role": "R3_CONSEILS", "roleOutcome": "written"}

      684 |         blocksActive: new Map(),
      685 |       });
    > 686 |       await expect(
          |             ^
      687 |         makeWriter(client).writeEntity(exp, 'test-identity', 'R3_CONSEILS'),
      688 |       ).rejects.toThrow('ambiguous block identity');
      689 |       expect(ops).toHaveLength(0);

      at expect (../../../../node_modules/expect/build/index.js:113:15)
      at src/modules/seo-projection/seo-projection-writer-role-scope.test.ts:686:13

  ● identité non ambiguë des blocs avant toute écriture › le mode tous rôles refuse aussi le doublon présent en fin de tableau

    expect(received).rejects.toThrow()

    Received promise resolved instead of rejected
    Resolved to value: {"blocksWritten": 3, "conflicts": 0, "entity_id": "gamme:filtre-a-huile", "factsOutcome": "written", "factsVersionId": "v-1", "role": null, "roleOutcome": "written"}

      743 |       blocksActive: new Map(),
      744 |     });
    > 745 |     await expect(
          |           ^
      746 |       makeWriter(client).writeEntity(exp, 'test-identity'),
      747 |     ).rejects.toThrow('ambiguous block identity');
      748 |     expect(ops).toHaveLength(0);

      at expect (../../../../node_modules/expect/build/index.js:113:15)
      at Object.<anonymous> (src/modules/seo-projection/seo-projection-writer-role-scope.test.ts:745:11)

Test Suites: 1 failed, 1 total
Tests:       5 failed, 26 passed, 31 total
Snapshots:   0 total
Time:        10.082 s
Ran all test suites within paths "src/modules/seo-projection/seo-projection-writer-role-scope.test.ts".
EXIT_CODE=1
