  console.log
    ◇ injected env (0) from backend/.env.test // tip: ⌁ auth for agents [www.vestauth.com]

      at _log (../../../../node_modules/dotenv/lib/main.js:131:11)

FAIL backend/src/modules/admin/services/conseil-quality-scorer.service.test.ts (10.618 s)
  Conseil pack coverage: presence is distinct from score qualification
    ✕ keeps structural completeness but exposes missing scores, without a misleading average (5 ms)
    ✕ does not hide a section below its floor behind a high pack average (1 ms)
    ✕ applies the pack threshold even when every section reaches its floor (1 ms)
    ✕ does not round a score up into acceptance (1 ms)
    ✕ accepts the configured pack threshold exactly, without certifying factual excellence (1 ms)
    ✕ does not weight a duplicated section more heavily or silently select one copy
    ✕ rejects invalid stored score -1 without clamping it into a valid score (1 ms)
    ✕ rejects invalid stored score 101 without clamping it into a valid score
    ✕ rejects invalid stored score NaN without clamping it into a valid score
    ✕ rejects invalid stored score Infinity without clamping it into a valid score (1 ms)
    ✕ does not give an incomplete pack the average of its only scored section
    ✕ does not count optional or unknown sections towards the required-pack average
    ✕ uses each pack own thresholds (1 ms)

  ● Conseil pack coverage: presence is distinct from score qualification › keeps structural completeness but exposes missing scores, without a misleading average

    expect(received).toEqual(expected) // deep equality

    - Expected  -  4
    + Received  + 20

    - ObjectContaining {
    -   "avgQuality": null,
    + Object {
    +   "avgQuality": 80,
        "coverage": 1,
    +   "missingSections": Array [],
        "packComplete": true,
    -   "qualityStatus": "not_evaluable",
    -   "unscoredSections": Array [
    +   "packLevel": "standard",
    +   "presentSections": Array [
    +     "S1",
    +     "S2",
    +     "S3",
    +     "S4_DEPOSE",
    +     "S5",
    +     "S6",
    +     "S8",
    +   ],
    +   "requiredSections": Array [
          "S1",
    +     "S2",
    +     "S3",
    +     "S4_DEPOSE",
    +     "S5",
    +     "S6",
    +     "S8",
        ],
      }

      35 |     const rows = standardRows();
      36 |     rows[0].sgc_quality_score = null;
    > 37 |     expect((await coverage(rows)).standard).toEqual(
         |                                             ^
      38 |       expect.objectContaining({
      39 |         packComplete: true,
      40 |         coverage: 1,

      at Object.<anonymous> (src/modules/admin/services/conseil-quality-scorer.service.test.ts:37:45)

  ● Conseil pack coverage: presence is distinct from score qualification › does not hide a section below its floor behind a high pack average

    expect(received).toEqual(expected) // deep equality

    - Expected  -  4
    + Received  + 22

    - ObjectContaining {
    -   "lowQualitySections": Array [
    + Object {
    +   "avgQuality": 94,
    +   "coverage": 1,
    +   "missingSections": Array [],
    +   "packComplete": true,
    +   "packLevel": "standard",
    +   "presentSections": Array [
    +     "S1",
    +     "S2",
    +     "S3",
    +     "S4_DEPOSE",
    +     "S5",
    +     "S6",
    +     "S8",
    +   ],
    +   "requiredSections": Array [
          "S1",
    +     "S2",
    +     "S3",
    +     "S4_DEPOSE",
    +     "S5",
    +     "S6",
    +     "S8",
        ],
    -   "packComplete": true,
    -   "qualityStatus": "below_threshold",
      }

      49 |     const rows = standardRows(100);
      50 |     rows[0].sgc_quality_score = 59;
    > 51 |     expect((await coverage(rows)).standard).toEqual(
         |                                             ^
      52 |       expect.objectContaining({
      53 |         packComplete: true,
      54 |         qualityStatus: 'below_threshold',

      at Object.<anonymous> (src/modules/admin/services/conseil-quality-scorer.service.test.ts:51:45)

  ● Conseil pack coverage: presence is distinct from score qualification › applies the pack threshold even when every section reaches its floor

    expect(received).toEqual(expected) // deep equality

    - Expected  -  3
    + Received  + 24

    - ObjectContaining {
    -   "lowQualitySections": Array [],
    -   "qualityStatus": "below_threshold",
    + Object {
    +   "avgQuality": 60,
    +   "coverage": 1,
    +   "missingSections": Array [],
    +   "packComplete": true,
    +   "packLevel": "standard",
    +   "presentSections": Array [
    +     "S1",
    +     "S2",
    +     "S3",
    +     "S4_DEPOSE",
    +     "S5",
    +     "S6",
    +     "S8",
    +   ],
    +   "requiredSections": Array [
    +     "S1",
    +     "S2",
    +     "S3",
    +     "S4_DEPOSE",
    +     "S5",
    +     "S6",
    +     "S8",
    +   ],
      }

      59 |
      60 |   it('applies the pack threshold even when every section reaches its floor', async () => {
    > 61 |     expect((await coverage(standardRows(60))).standard).toEqual(
         |                                                         ^
      62 |       expect.objectContaining({ qualityStatus: 'below_threshold', lowQualitySections: [] }),
      63 |     );
      64 |   });

      at Object.<anonymous> (src/modules/admin/services/conseil-quality-scorer.service.test.ts:61:57)

  ● Conseil pack coverage: presence is distinct from score qualification › does not round a score up into acceptance

    expect(received).toEqual(expected) // deep equality

    - Expected  -  2
    + Received  + 23

    - ObjectContaining {
    + Object {
        "avgQuality": 70,
    -   "qualityStatus": "below_threshold",
    +   "coverage": 1,
    +   "missingSections": Array [],
    +   "packComplete": true,
    +   "packLevel": "standard",
    +   "presentSections": Array [
    +     "S1",
    +     "S2",
    +     "S3",
    +     "S4_DEPOSE",
    +     "S5",
    +     "S6",
    +     "S8",
    +   ],
    +   "requiredSections": Array [
    +     "S1",
    +     "S2",
    +     "S3",
    +     "S4_DEPOSE",
    +     "S5",
    +     "S6",
    +     "S8",
    +   ],
      }

      67 |     const rows = standardRows(70);
      68 |     rows[0].sgc_quality_score = 69;
    > 69 |     expect((await coverage(rows)).standard).toEqual(
         |                                             ^
      70 |       expect.objectContaining({ avgQuality: 70, qualityStatus: 'below_threshold' }),
      71 |     );
      72 |   });

      at Object.<anonymous> (src/modules/admin/services/conseil-quality-scorer.service.test.ts:69:45)

  ● Conseil pack coverage: presence is distinct from score qualification › accepts the configured pack threshold exactly, without certifying factual excellence

    expect(received).toEqual(expected) // deep equality

    - Expected  -  2
    + Received  + 23

    - ObjectContaining {
    + Object {
        "avgQuality": 70,
    -   "qualityStatus": "meets_thresholds",
    +   "coverage": 1,
    +   "missingSections": Array [],
    +   "packComplete": true,
    +   "packLevel": "standard",
    +   "presentSections": Array [
    +     "S1",
    +     "S2",
    +     "S3",
    +     "S4_DEPOSE",
    +     "S5",
    +     "S6",
    +     "S8",
    +   ],
    +   "requiredSections": Array [
    +     "S1",
    +     "S2",
    +     "S3",
    +     "S4_DEPOSE",
    +     "S5",
    +     "S6",
    +     "S8",
    +   ],
      }

      73 |
      74 |   it('accepts the configured pack threshold exactly, without certifying factual excellence', async () => {
    > 75 |     expect((await coverage(standardRows(70))).standard).toEqual(
         |                                                         ^
      76 |       expect.objectContaining({ avgQuality: 70, qualityStatus: 'meets_thresholds' }),
      77 |     );
      78 |   });

      at Object.<anonymous> (src/modules/admin/services/conseil-quality-scorer.service.test.ts:75:57)

  ● Conseil pack coverage: presence is distinct from score qualification › does not weight a duplicated section more heavily or silently select one copy

    expect(received).toEqual(expected) // deep equality

    - Expected  -  5
    + Received  + 21

    - ObjectContaining {
    -   "avgQuality": null,
    + Object {
    +   "avgQuality": 74,
        "coverage": 1,
    -   "duplicateSections": Array [
    +   "missingSections": Array [],
    +   "packComplete": true,
    +   "packLevel": "standard",
    +   "presentSections": Array [
    +     "S1",
    +     "S2",
    +     "S3",
    +     "S4_DEPOSE",
    +     "S5",
    +     "S6",
    +     "S8",
    +   ],
    +   "requiredSections": Array [
          "S1",
    +     "S2",
    +     "S3",
    +     "S4_DEPOSE",
    +     "S5",
    +     "S6",
    +     "S8",
        ],
    -   "packComplete": true,
    -   "qualityStatus": "not_evaluable",
      }

      81 |     const rows = standardRows(70);
      82 |     rows.push({ sgc_section_type: 'S1', sgc_quality_score: 100 });
    > 83 |     expect((await coverage(rows)).standard).toEqual(
         |                                             ^
      84 |       expect.objectContaining({
      85 |         coverage: 1, packComplete: true, avgQuality: null,
      86 |         qualityStatus: 'not_evaluable', duplicateSections: ['S1'],

      at Object.<anonymous> (src/modules/admin/services/conseil-quality-scorer.service.test.ts:83:45)

  ● Conseil pack coverage: presence is distinct from score qualification › rejects invalid stored score -1 without clamping it into a valid score

    expect(received).toEqual(expected) // deep equality

    - Expected  -  4
    + Received  + 22

    - ObjectContaining {
    -   "avgQuality": null,
    -   "invalidScoreSections": Array [
    + Object {
    +   "avgQuality": 68,
    +   "coverage": 1,
    +   "missingSections": Array [],
    +   "packComplete": true,
    +   "packLevel": "standard",
    +   "presentSections": Array [
    +     "S1",
    +     "S2",
    +     "S3",
    +     "S4_DEPOSE",
    +     "S5",
    +     "S6",
    +     "S8",
    +   ],
    +   "requiredSections": Array [
          "S1",
    +     "S2",
    +     "S3",
    +     "S4_DEPOSE",
    +     "S5",
    +     "S6",
    +     "S8",
        ],
    -   "qualityStatus": "not_evaluable",
      }

      93 |       const rows = standardRows();
      94 |       rows[0].sgc_quality_score = score;
    > 95 |       expect((await coverage(rows)).standard).toEqual(
         |                                               ^
      96 |         expect.objectContaining({
      97 |           avgQuality: null, qualityStatus: 'not_evaluable', invalidScoreSections: ['S1'],
      98 |         }),

      at src/modules/admin/services/conseil-quality-scorer.service.test.ts:95:47

  ● Conseil pack coverage: presence is distinct from score qualification › rejects invalid stored score 101 without clamping it into a valid score

    expect(received).toEqual(expected) // deep equality

    - Expected  -  4
    + Received  + 22

    - ObjectContaining {
    -   "avgQuality": null,
    -   "invalidScoreSections": Array [
    + Object {
    +   "avgQuality": 83,
    +   "coverage": 1,
    +   "missingSections": Array [],
    +   "packComplete": true,
    +   "packLevel": "standard",
    +   "presentSections": Array [
    +     "S1",
    +     "S2",
    +     "S3",
    +     "S4_DEPOSE",
    +     "S5",
    +     "S6",
    +     "S8",
    +   ],
    +   "requiredSections": Array [
          "S1",
    +     "S2",
    +     "S3",
    +     "S4_DEPOSE",
    +     "S5",
    +     "S6",
    +     "S8",
        ],
    -   "qualityStatus": "not_evaluable",
      }

      93 |       const rows = standardRows();
      94 |       rows[0].sgc_quality_score = score;
    > 95 |       expect((await coverage(rows)).standard).toEqual(
         |                                               ^
      96 |         expect.objectContaining({
      97 |           avgQuality: null, qualityStatus: 'not_evaluable', invalidScoreSections: ['S1'],
      98 |         }),

      at src/modules/admin/services/conseil-quality-scorer.service.test.ts:95:47

  ● Conseil pack coverage: presence is distinct from score qualification › rejects invalid stored score NaN without clamping it into a valid score

    expect(received).toEqual(expected) // deep equality

    - Expected  -  4
    + Received  + 22

    - ObjectContaining {
    -   "avgQuality": null,
    -   "invalidScoreSections": Array [
    + Object {
    +   "avgQuality": NaN,
    +   "coverage": 1,
    +   "missingSections": Array [],
    +   "packComplete": true,
    +   "packLevel": "standard",
    +   "presentSections": Array [
    +     "S1",
    +     "S2",
    +     "S3",
    +     "S4_DEPOSE",
    +     "S5",
    +     "S6",
    +     "S8",
    +   ],
    +   "requiredSections": Array [
          "S1",
    +     "S2",
    +     "S3",
    +     "S4_DEPOSE",
    +     "S5",
    +     "S6",
    +     "S8",
        ],
    -   "qualityStatus": "not_evaluable",
      }

      93 |       const rows = standardRows();
      94 |       rows[0].sgc_quality_score = score;
    > 95 |       expect((await coverage(rows)).standard).toEqual(
         |                                               ^
      96 |         expect.objectContaining({
      97 |           avgQuality: null, qualityStatus: 'not_evaluable', invalidScoreSections: ['S1'],
      98 |         }),

      at src/modules/admin/services/conseil-quality-scorer.service.test.ts:95:47

  ● Conseil pack coverage: presence is distinct from score qualification › rejects invalid stored score Infinity without clamping it into a valid score

    expect(received).toEqual(expected) // deep equality

    - Expected  -  4
    + Received  + 22

    - ObjectContaining {
    -   "avgQuality": null,
    -   "invalidScoreSections": Array [
    + Object {
    +   "avgQuality": Infinity,
    +   "coverage": 1,
    +   "missingSections": Array [],
    +   "packComplete": true,
    +   "packLevel": "standard",
    +   "presentSections": Array [
    +     "S1",
    +     "S2",
    +     "S3",
    +     "S4_DEPOSE",
    +     "S5",
    +     "S6",
    +     "S8",
    +   ],
    +   "requiredSections": Array [
          "S1",
    +     "S2",
    +     "S3",
    +     "S4_DEPOSE",
    +     "S5",
    +     "S6",
    +     "S8",
        ],
    -   "qualityStatus": "not_evaluable",
      }

      93 |       const rows = standardRows();
      94 |       rows[0].sgc_quality_score = score;
    > 95 |       expect((await coverage(rows)).standard).toEqual(
         |                                               ^
      96 |         expect.objectContaining({
      97 |           avgQuality: null, qualityStatus: 'not_evaluable', invalidScoreSections: ['S1'],
      98 |         }),

      at src/modules/admin/services/conseil-quality-scorer.service.test.ts:95:47

  ● Conseil pack coverage: presence is distinct from score qualification › does not give an incomplete pack the average of its only scored section

    expect(received).toEqual(expected) // deep equality

    - Expected  -  3
    + Received  + 24

    - ObjectContaining {
    -   "avgQuality": null,
    + Object {
    +   "avgQuality": 100,
    +   "coverage": 0.14285714285714285,
    +   "missingSections": Array [
    +     "S2",
    +     "S3",
    +     "S4_DEPOSE",
    +     "S5",
    +     "S6",
    +     "S8",
    +   ],
        "packComplete": false,
    -   "qualityStatus": "not_evaluable",
    +   "packLevel": "standard",
    +   "presentSections": Array [
    +     "S1",
    +   ],
    +   "requiredSections": Array [
    +     "S1",
    +     "S2",
    +     "S3",
    +     "S4_DEPOSE",
    +     "S5",
    +     "S6",
    +     "S8",
    +   ],
      }

      102 |
      103 |   it('does not give an incomplete pack the average of its only scored section', async () => {
    > 104 |     expect((await coverage(standardRows(100).slice(0, 1))).standard).toEqual(
          |                                                                      ^
      105 |       expect.objectContaining({ packComplete: false, avgQuality: null, qualityStatus: 'not_evaluable' }),
      106 |     );
      107 |   });

      at Object.<anonymous> (src/modules/admin/services/conseil-quality-scorer.service.test.ts:104:70)

  ● Conseil pack coverage: presence is distinct from score qualification › does not count optional or unknown sections towards the required-pack average

    expect(received).toEqual(expected) // deep equality

    - Expected  -  2
    + Received  + 23

    - ObjectContaining {
    + Object {
        "avgQuality": 70,
    -   "qualityStatus": "meets_thresholds",
    +   "coverage": 1,
    +   "missingSections": Array [],
    +   "packComplete": true,
    +   "packLevel": "standard",
    +   "presentSections": Array [
    +     "S1",
    +     "S2",
    +     "S3",
    +     "S4_DEPOSE",
    +     "S5",
    +     "S6",
    +     "S8",
    +   ],
    +   "requiredSections": Array [
    +     "S1",
    +     "S2",
    +     "S3",
    +     "S4_DEPOSE",
    +     "S5",
    +     "S6",
    +     "S8",
    +   ],
      }

      111 |     rows.push({ sgc_section_type: 'S7', sgc_quality_score: null });
      112 |     rows.push({ sgc_section_type: 'UNKNOWN', sgc_quality_score: 100 });
    > 113 |     expect((await coverage(rows)).standard).toEqual(
          |                                             ^
      114 |       expect.objectContaining({ avgQuality: 70, qualityStatus: 'meets_thresholds' }),
      115 |     );
      116 |   });

      at Object.<anonymous> (src/modules/admin/services/conseil-quality-scorer.service.test.ts:113:45)

  ● Conseil pack coverage: presence is distinct from score qualification › uses each pack own thresholds

    expect(received).toEqual(expected) // deep equality

    - Expected  -  2
    + Received  + 24

    - ObjectContaining {
    -   "qualityStatus": "meets_thresholds",
    + Object {
    +   "avgQuality": 80,
    +   "coverage": 1,
    +   "missingSections": Array [],
    +   "packComplete": true,
    +   "packLevel": "standard",
    +   "presentSections": Array [
    +     "S1",
    +     "S2",
    +     "S3",
    +     "S4_DEPOSE",
    +     "S5",
    +     "S6",
    +     "S8",
    +   ],
    +   "requiredSections": Array [
    +     "S1",
    +     "S2",
    +     "S3",
    +     "S4_DEPOSE",
    +     "S5",
    +     "S6",
    +     "S8",
    +   ],
      }

      121 |     }));
      122 |     const result = await coverage(rows);
    > 123 |     expect(result.standard).toEqual(expect.objectContaining({ qualityStatus: 'meets_thresholds' }));
          |                             ^
      124 |     expect(result.pro).toEqual(expect.objectContaining({ qualityStatus: 'meets_thresholds' }));
      125 |     expect(result.eeat).toEqual(expect.objectContaining({ qualityStatus: 'below_threshold' }));
      126 |   });

      at Object.<anonymous> (src/modules/admin/services/conseil-quality-scorer.service.test.ts:123:29)

Test Suites: 1 failed, 1 total
Tests:       13 failed, 13 total
Snapshots:   0 total
Time:        10.807 s
Ran all test suites within paths "backend/src/modules/admin/services/conseil-quality-scorer.service.test.ts".
