FAIL backend/src/modules/admin/services/keyword-plan-gates.sources.test.ts (10.647 s)
  ● Console

    console.log
      ◇ injected env (0) from backend/.env.test // tip: ◈ encrypted .env [www.dotenvx.com]

      at _log (../../../../node_modules/dotenv/lib/main.js:131:11)

  ● GA5 declared sources and correction routing › routes a missing source to sectionsToImprove even with a score of 100

    expect(received).toContain(expected) // indexOf

    Expected value: "S1"
    Received array: []

      12 |     const result = audit(null);
      13 |     expect(result.gateReport.GA5_EEAT_SOURCES.status).toBe('warn');
    > 14 |     expect(result.sectionsToImprove).toContain('S1');
         |                                      ^
      15 |     expect(result.priorityFixes).toContainEqual(expect.objectContaining({ section: 'S1', issue: 'no_sources', fix_type: 'improve' }));
      16 |   });
      17 |

      at Object.<anonymous> (src/modules/admin/services/keyword-plan-gates.sources.test.ts:14:38)

  ● GA5 declared sources and correction routing › does not accept an array containing no usable reference: [null]

    expect(received).toBe(expected) // Object.is equality

    Expected: "warn"
    Received: "pass"

      17 |
      18 |   it.each(['[null]', '[{}]', '[42]', '[" "]', '[{"ref":false}]'])('does not accept an array containing no usable reference: %s', (raw) => {
    > 19 |     expect(audit(raw).gateReport.GA5_EEAT_SOURCES.status).toBe('warn');
         |                                                           ^
      20 |   });
      21 |
      22 |   it.each(['["wiki/gammes/filtre.md"]', '[{"type":"wiki","ref":"wiki/gammes/filtre.md"}]'])('retains supported reference shape: %s', (raw) => {

      at src/modules/admin/services/keyword-plan-gates.sources.test.ts:19:59

  ● GA5 declared sources and correction routing › does not accept an array containing no usable reference: [{}]

    expect(received).toBe(expected) // Object.is equality

    Expected: "warn"
    Received: "pass"

      17 |
      18 |   it.each(['[null]', '[{}]', '[42]', '[" "]', '[{"ref":false}]'])('does not accept an array containing no usable reference: %s', (raw) => {
    > 19 |     expect(audit(raw).gateReport.GA5_EEAT_SOURCES.status).toBe('warn');
         |                                                           ^
      20 |   });
      21 |
      22 |   it.each(['["wiki/gammes/filtre.md"]', '[{"type":"wiki","ref":"wiki/gammes/filtre.md"}]'])('retains supported reference shape: %s', (raw) => {

      at src/modules/admin/services/keyword-plan-gates.sources.test.ts:19:59

  ● GA5 declared sources and correction routing › does not accept an array containing no usable reference: [42]

    expect(received).toBe(expected) // Object.is equality

    Expected: "warn"
    Received: "pass"

      17 |
      18 |   it.each(['[null]', '[{}]', '[42]', '[" "]', '[{"ref":false}]'])('does not accept an array containing no usable reference: %s', (raw) => {
    > 19 |     expect(audit(raw).gateReport.GA5_EEAT_SOURCES.status).toBe('warn');
         |                                                           ^
      20 |   });
      21 |
      22 |   it.each(['["wiki/gammes/filtre.md"]', '[{"type":"wiki","ref":"wiki/gammes/filtre.md"}]'])('retains supported reference shape: %s', (raw) => {

      at src/modules/admin/services/keyword-plan-gates.sources.test.ts:19:59

  ● GA5 declared sources and correction routing › does not accept an array containing no usable reference: [" "]

    expect(received).toBe(expected) // Object.is equality

    Expected: "warn"
    Received: "pass"

      17 |
      18 |   it.each(['[null]', '[{}]', '[42]', '[" "]', '[{"ref":false}]'])('does not accept an array containing no usable reference: %s', (raw) => {
    > 19 |     expect(audit(raw).gateReport.GA5_EEAT_SOURCES.status).toBe('warn');
         |                                                           ^
      20 |   });
      21 |
      22 |   it.each(['["wiki/gammes/filtre.md"]', '[{"type":"wiki","ref":"wiki/gammes/filtre.md"}]'])('retains supported reference shape: %s', (raw) => {

      at src/modules/admin/services/keyword-plan-gates.sources.test.ts:19:59

  ● GA5 declared sources and correction routing › does not accept an array containing no usable reference: [{"ref":false}]

    expect(received).toBe(expected) // Object.is equality

    Expected: "warn"
    Received: "pass"

      17 |
      18 |   it.each(['[null]', '[{}]', '[42]', '[" "]', '[{"ref":false}]'])('does not accept an array containing no usable reference: %s', (raw) => {
    > 19 |     expect(audit(raw).gateReport.GA5_EEAT_SOURCES.status).toBe('warn');
         |                                                           ^
      20 |   });
      21 |
      22 |   it.each(['["wiki/gammes/filtre.md"]', '[{"type":"wiki","ref":"wiki/gammes/filtre.md"}]'])('retains supported reference shape: %s', (raw) => {

      at src/modules/admin/services/keyword-plan-gates.sources.test.ts:19:59

FAIL backend/src/modules/admin/services/conseil-quality-scorer.service.test.ts
  ● Console

    console.log
      ◇ injected env (0) from backend/.env.test // tip: ⌘ multiple files { path: ['.env.local', '.env'] }

      at _log (../../../../node_modules/dotenv/lib/main.js:131:11)

  ● Conseil section measurement and declared references › does not credit missing or malformed source references:    

    expect(received).toContainEqual(expected) // deep equality

    Expected value: {"flag": "NO_SOURCES", "points": 15}
    Received array: []

      161 |
      162 |   it.each([null, '', '   ', 'not-a-source', 'null', '{}', '[]', '[null]', '[42]', '[{}]', '[""]', '["   "]', '[{"ref":42}]'])('does not credit missing or malformed source references: %s', (sources) => {
    > 163 |     expect(scorer.scoreSection('S1', text, sources).penalties).toContainEqual({ flag: 'NO_SOURCES', points: 15 });
          |                                                                ^
      164 |   });
      165 |
      166 |   it.each(['["wiki/gammes/filtre.md"]', '[{"type":"wiki","ref":"wiki/gammes/filtre.md"}]'])('preserves supported declared reference formats without certifying their truth: %s', (sources) => {

      at src/modules/admin/services/conseil-quality-scorer.service.test.ts:163:64

  ● Conseil section measurement and declared references › does not credit missing or malformed source references: not-a-source

    expect(received).toContainEqual(expected) // deep equality

    Expected value: {"flag": "NO_SOURCES", "points": 15}
    Received array: []

      161 |
      162 |   it.each([null, '', '   ', 'not-a-source', 'null', '{}', '[]', '[null]', '[42]', '[{}]', '[""]', '["   "]', '[{"ref":42}]'])('does not credit missing or malformed source references: %s', (sources) => {
    > 163 |     expect(scorer.scoreSection('S1', text, sources).penalties).toContainEqual({ flag: 'NO_SOURCES', points: 15 });
          |                                                                ^
      164 |   });
      165 |
      166 |   it.each(['["wiki/gammes/filtre.md"]', '[{"type":"wiki","ref":"wiki/gammes/filtre.md"}]'])('preserves supported declared reference formats without certifying their truth: %s', (sources) => {

      at src/modules/admin/services/conseil-quality-scorer.service.test.ts:163:64

  ● Conseil section measurement and declared references › does not credit missing or malformed source references: {}

    expect(received).toContainEqual(expected) // deep equality

    Expected value: {"flag": "NO_SOURCES", "points": 15}
    Received array: []

      161 |
      162 |   it.each([null, '', '   ', 'not-a-source', 'null', '{}', '[]', '[null]', '[42]', '[{}]', '[""]', '["   "]', '[{"ref":42}]'])('does not credit missing or malformed source references: %s', (sources) => {
    > 163 |     expect(scorer.scoreSection('S1', text, sources).penalties).toContainEqual({ flag: 'NO_SOURCES', points: 15 });
          |                                                                ^
      164 |   });
      165 |
      166 |   it.each(['["wiki/gammes/filtre.md"]', '[{"type":"wiki","ref":"wiki/gammes/filtre.md"}]'])('preserves supported declared reference formats without certifying their truth: %s', (sources) => {

      at src/modules/admin/services/conseil-quality-scorer.service.test.ts:163:64

  ● Conseil section measurement and declared references › does not credit missing or malformed source references: [null]

    expect(received).toContainEqual(expected) // deep equality

    Expected value: {"flag": "NO_SOURCES", "points": 15}
    Received array: []

      161 |
      162 |   it.each([null, '', '   ', 'not-a-source', 'null', '{}', '[]', '[null]', '[42]', '[{}]', '[""]', '["   "]', '[{"ref":42}]'])('does not credit missing or malformed source references: %s', (sources) => {
    > 163 |     expect(scorer.scoreSection('S1', text, sources).penalties).toContainEqual({ flag: 'NO_SOURCES', points: 15 });
          |                                                                ^
      164 |   });
      165 |
      166 |   it.each(['["wiki/gammes/filtre.md"]', '[{"type":"wiki","ref":"wiki/gammes/filtre.md"}]'])('preserves supported declared reference formats without certifying their truth: %s', (sources) => {

      at src/modules/admin/services/conseil-quality-scorer.service.test.ts:163:64

  ● Conseil section measurement and declared references › does not credit missing or malformed source references: [42]

    expect(received).toContainEqual(expected) // deep equality

    Expected value: {"flag": "NO_SOURCES", "points": 15}
    Received array: []

      161 |
      162 |   it.each([null, '', '   ', 'not-a-source', 'null', '{}', '[]', '[null]', '[42]', '[{}]', '[""]', '["   "]', '[{"ref":42}]'])('does not credit missing or malformed source references: %s', (sources) => {
    > 163 |     expect(scorer.scoreSection('S1', text, sources).penalties).toContainEqual({ flag: 'NO_SOURCES', points: 15 });
          |                                                                ^
      164 |   });
      165 |
      166 |   it.each(['["wiki/gammes/filtre.md"]', '[{"type":"wiki","ref":"wiki/gammes/filtre.md"}]'])('preserves supported declared reference formats without certifying their truth: %s', (sources) => {

      at src/modules/admin/services/conseil-quality-scorer.service.test.ts:163:64

  ● Conseil section measurement and declared references › does not credit missing or malformed source references: [{}]

    expect(received).toContainEqual(expected) // deep equality

    Expected value: {"flag": "NO_SOURCES", "points": 15}
    Received array: []

      161 |
      162 |   it.each([null, '', '   ', 'not-a-source', 'null', '{}', '[]', '[null]', '[42]', '[{}]', '[""]', '["   "]', '[{"ref":42}]'])('does not credit missing or malformed source references: %s', (sources) => {
    > 163 |     expect(scorer.scoreSection('S1', text, sources).penalties).toContainEqual({ flag: 'NO_SOURCES', points: 15 });
          |                                                                ^
      164 |   });
      165 |
      166 |   it.each(['["wiki/gammes/filtre.md"]', '[{"type":"wiki","ref":"wiki/gammes/filtre.md"}]'])('preserves supported declared reference formats without certifying their truth: %s', (sources) => {

      at src/modules/admin/services/conseil-quality-scorer.service.test.ts:163:64

  ● Conseil section measurement and declared references › does not credit missing or malformed source references: [""]

    expect(received).toContainEqual(expected) // deep equality

    Expected value: {"flag": "NO_SOURCES", "points": 15}
    Received array: []

      161 |
      162 |   it.each([null, '', '   ', 'not-a-source', 'null', '{}', '[]', '[null]', '[42]', '[{}]', '[""]', '["   "]', '[{"ref":42}]'])('does not credit missing or malformed source references: %s', (sources) => {
    > 163 |     expect(scorer.scoreSection('S1', text, sources).penalties).toContainEqual({ flag: 'NO_SOURCES', points: 15 });
          |                                                                ^
      164 |   });
      165 |
      166 |   it.each(['["wiki/gammes/filtre.md"]', '[{"type":"wiki","ref":"wiki/gammes/filtre.md"}]'])('preserves supported declared reference formats without certifying their truth: %s', (sources) => {

      at src/modules/admin/services/conseil-quality-scorer.service.test.ts:163:64

  ● Conseil section measurement and declared references › does not credit missing or malformed source references: ["   "]

    expect(received).toContainEqual(expected) // deep equality

    Expected value: {"flag": "NO_SOURCES", "points": 15}
    Received array: []

      161 |
      162 |   it.each([null, '', '   ', 'not-a-source', 'null', '{}', '[]', '[null]', '[42]', '[{}]', '[""]', '["   "]', '[{"ref":42}]'])('does not credit missing or malformed source references: %s', (sources) => {
    > 163 |     expect(scorer.scoreSection('S1', text, sources).penalties).toContainEqual({ flag: 'NO_SOURCES', points: 15 });
          |                                                                ^
      164 |   });
      165 |
      166 |   it.each(['["wiki/gammes/filtre.md"]', '[{"type":"wiki","ref":"wiki/gammes/filtre.md"}]'])('preserves supported declared reference formats without certifying their truth: %s', (sources) => {

      at src/modules/admin/services/conseil-quality-scorer.service.test.ts:163:64

  ● Conseil section measurement and declared references › does not credit missing or malformed source references: [{"ref":42}]

    expect(received).toContainEqual(expected) // deep equality

    Expected value: {"flag": "NO_SOURCES", "points": 15}
    Received array: []

      161 |
      162 |   it.each([null, '', '   ', 'not-a-source', 'null', '{}', '[]', '[null]', '[42]', '[{}]', '[""]', '["   "]', '[{"ref":42}]'])('does not credit missing or malformed source references: %s', (sources) => {
    > 163 |     expect(scorer.scoreSection('S1', text, sources).penalties).toContainEqual({ flag: 'NO_SOURCES', points: 15 });
          |                                                                ^
      164 |   });
      165 |
      166 |   it.each(['["wiki/gammes/filtre.md"]', '[{"type":"wiki","ref":"wiki/gammes/filtre.md"}]'])('preserves supported declared reference formats without certifying their truth: %s', (sources) => {

      at src/modules/admin/services/conseil-quality-scorer.service.test.ts:163:64

  ● Conseil section measurement and declared references › does not let long HTML attributes satisfy the content-length criterion

    expect(received).toContainEqual(expected) // deep equality

    Expected value: {"flag": "CONTENT_TOO_SHORT", "points": 20}
    Received array: [{"flag": "WORD_COUNT_LOW", "points": 15}, {"flag": "NO_SOURCES", "points": 15}]

      170 |   it('does not let long HTML attributes satisfy the content-length criterion', () => {
      171 |     const result = scorer.scoreSection('S1', `<p class="${'padding '.repeat(60)}">Filtre.</p>`, null);
    > 172 |     expect(result.penalties).toContainEqual({ flag: 'CONTENT_TOO_SHORT', points: 20 });
          |                              ^
      173 |   });
      174 |
      175 |   it('does not reward a run of the same word as additional substance', () => {

      at Object.<anonymous> (src/modules/admin/services/conseil-quality-scorer.service.test.ts:172:30)

  ● Conseil section measurement and declared references › does not reward a run of the same word as additional substance

    expect(received).toEqual(expected) // deep equality

    - Expected  - 11
    + Received  +  2

      Object {
    -   "penalties": Array [
    -     Object {
    -       "flag": "CONTENT_TOO_SHORT",
    -       "points": 20,
    -     },
    -     Object {
    -       "flag": "WORD_COUNT_LOW",
    -       "points": 15,
    -     },
    -   ],
    -   "score": 65,
    +   "penalties": Array [],
    +   "score": 100,
      }

      176 |     const once = scorer.scoreSection('S1', '<p>banane</p>', 'not-a-source');
      177 |     const repeated = scorer.scoreSection('S1', `<p>${'banane '.repeat(60)}</p>`, 'not-a-source');
    > 178 |     expect(repeated).toEqual(once);
          |                      ^
      179 |     expect(repeated.score).toBe(50);
      180 |   });
      181 |

      at Object.<anonymous> (src/modules/admin/services/conseil-quality-scorer.service.test.ts:178:22)

Test Suites: 2 failed, 2 total
Tests:       17 failed, 22 passed, 39 total
Snapshots:   0 total
Time:        11.01 s
Ran all test suites within paths "backend/src/modules/admin/services/conseil-quality-scorer.service.test.ts", "backend/src/modules/admin/services/keyword-plan-gates.sources.test.ts".
