PASS backend/src/modules/admin/services/conseil-quality-scorer.service.test.ts (10.733 s)
  ● Console

    console.log
      ◇ injected env (0) from backend/.env.test // tip: ◈ secrets for agents [www.dotenvx.com]

      at _log (../../../../node_modules/dotenv/lib/main.js:131:11)

ts-jest[ts-compiler] (WARN) Got a `.js` file to compile while `allowJs` option is not set to `true` (file: /opt/automecanik/app/packages/seo-roles/dist/index.js). To fix this:
  - if you want TypeScript to process JS files, set `allowJs` to `true` in your TypeScript config (usually tsconfig.json)
  - if you do not want TypeScript to process your `.js` files, in your Jest config change the `transform` key which value is `ts-jest` so that it does not match `.js` files anymore
ts-jest[ts-compiler] (WARN) Got a `.js` file to compile while `allowJs` option is not set to `true` (file: /opt/automecanik/app/packages/seo-roles/dist/canonical.js). To fix this:
  - if you want TypeScript to process JS files, set `allowJs` to `true` in your TypeScript config (usually tsconfig.json)
  - if you do not want TypeScript to process your `.js` files, in your Jest config change the `transform` key which value is `ts-jest` so that it does not match `.js` files anymore
ts-jest[ts-compiler] (WARN) Got a `.js` file to compile while `allowJs` option is not set to `true` (file: /opt/automecanik/app/packages/seo-roles/dist/legacy.js). To fix this:
  - if you want TypeScript to process JS files, set `allowJs` to `true` in your TypeScript config (usually tsconfig.json)
  - if you do not want TypeScript to process your `.js` files, in your Jest config change the `transform` key which value is `ts-jest` so that it does not match `.js` files anymore
ts-jest[ts-compiler] (WARN) Got a `.js` file to compile while `allowJs` option is not set to `true` (file: /opt/automecanik/app/packages/seo-roles/dist/normalize.js). To fix this:
  - if you want TypeScript to process JS files, set `allowJs` to `true` in your TypeScript config (usually tsconfig.json)
  - if you do not want TypeScript to process your `.js` files, in your Jest config change the `transform` key which value is `ts-jest` so that it does not match `.js` files anymore
ts-jest[ts-compiler] (WARN) Got a `.js` file to compile while `allowJs` option is not set to `true` (file: /opt/automecanik/app/packages/seo-roles/dist/display.js). To fix this:
  - if you want TypeScript to process JS files, set `allowJs` to `true` in your TypeScript config (usually tsconfig.json)
  - if you do not want TypeScript to process your `.js` files, in your Jest config change the `transform` key which value is `ts-jest` so that it does not match `.js` files anymore
ts-jest[ts-compiler] (WARN) Got a `.js` file to compile while `allowJs` option is not set to `true` (file: /opt/automecanik/app/packages/seo-roles/dist/colors.js). To fix this:
  - if you want TypeScript to process JS files, set `allowJs` to `true` in your TypeScript config (usually tsconfig.json)
  - if you do not want TypeScript to process your `.js` files, in your Jest config change the `transform` key which value is `ts-jest` so that it does not match `.js` files anymore
ts-jest[ts-compiler] (WARN) Got a `.js` file to compile while `allowJs` option is not set to `true` (file: /opt/automecanik/app/packages/seo-roles/dist/branded.js). To fix this:
  - if you want TypeScript to process JS files, set `allowJs` to `true` in your TypeScript config (usually tsconfig.json)
  - if you do not want TypeScript to process your `.js` files, in your Jest config change the `transform` key which value is `ts-jest` so that it does not match `.js` files anymore
ts-jest[ts-compiler] (WARN) Got a `.js` file to compile while `allowJs` option is not set to `true` (file: /opt/automecanik/app/packages/seo-roles/dist/schema.js). To fix this:
  - if you want TypeScript to process JS files, set `allowJs` to `true` in your TypeScript config (usually tsconfig.json)
  - if you do not want TypeScript to process your `.js` files, in your Jest config change the `transform` key which value is `ts-jest` so that it does not match `.js` files anymore
ts-jest[ts-compiler] (WARN) Got a `.js` file to compile while `allowJs` option is not set to `true` (file: /opt/automecanik/app/packages/seo-roles/dist/keyword-intent.js). To fix this:
  - if you want TypeScript to process JS files, set `allowJs` to `true` in your TypeScript config (usually tsconfig.json)
  - if you do not want TypeScript to process your `.js` files, in your Jest config change the `transform` key which value is `ts-jest` so that it does not match `.js` files anymore
ts-jest[ts-compiler] (WARN) Got a `.js` file to compile while `allowJs` option is not set to `true` (file: /opt/automecanik/app/packages/seo-roles/dist/intents.js). To fix this:
  - if you want TypeScript to process JS files, set `allowJs` to `true` in your TypeScript config (usually tsconfig.json)
  - if you do not want TypeScript to process your `.js` files, in your Jest config change the `transform` key which value is `ts-jest` so that it does not match `.js` files anymore
ts-jest[ts-compiler] (WARN) Got a `.js` file to compile while `allowJs` option is not set to `true` (file: /opt/automecanik/app/packages/seo-roles/dist/text-normalize.js). To fix this:
  - if you want TypeScript to process JS files, set `allowJs` to `true` in your TypeScript config (usually tsconfig.json)
  - if you do not want TypeScript to process your `.js` files, in your Jest config change the `transform` key which value is `ts-jest` so that it does not match `.js` files anymore
ts-jest[ts-compiler] (WARN) Got a `.js` file to compile while `allowJs` option is not set to `true` (file: /opt/automecanik/app/packages/seo-roles/dist/forbidden-overlap.js). To fix this:
  - if you want TypeScript to process JS files, set `allowJs` to `true` in your TypeScript config (usually tsconfig.json)
  - if you do not want TypeScript to process your `.js` files, in your Jest config change the `transform` key which value is `ts-jest` so that it does not match `.js` files anymore
ts-jest[ts-compiler] (WARN) Got a `.js` file to compile while `allowJs` option is not set to `true` (file: /opt/automecanik/app/packages/seo-roles/dist/keyword-cluster.schema.js). To fix this:
  - if you want TypeScript to process JS files, set `allowJs` to `true` in your TypeScript config (usually tsconfig.json)
  - if you do not want TypeScript to process your `.js` files, in your Jest config change the `transform` key which value is `ts-jest` so that it does not match `.js` files anymore
ts-jest[ts-compiler] (WARN) Got a `.js` file to compile while `allowJs` option is not set to `true` (file: /opt/automecanik/app/packages/seo-roles/dist/vlevel-invariants.js). To fix this:
  - if you want TypeScript to process JS files, set `allowJs` to `true` in your TypeScript config (usually tsconfig.json)
  - if you do not want TypeScript to process your `.js` files, in your Jest config change the `transform` key which value is `ts-jest` so that it does not match `.js` files anymore
PASS backend/tests/unit/quality-scoring-semantic-penalties.test.ts
  ● Console

    console.log
      ◇ injected env (0) from backend/.env.test // tip: ⌘ suppress logs { quiet: true }

      at _log (../../../../node_modules/dotenv/lib/main.js:131:11)


Test Suites: 2 passed, 2 total
Tests:       29 passed, 29 total
Snapshots:   0 total
Time:        11.793 s
Ran all test suites within paths "backend/src/modules/admin/services/conseil-quality-scorer.service.test.ts", "backend/tests/unit/quality-scoring-semantic-penalties.test.ts".
