...FFFF...FFFFFFFFFFFF                                                   [100%]
=================================== FAILURES ===================================
______________________ test_stage_raw_counts_md_and_index ______________________

tmp_path = PosixPath('/tmp/pytest-of-deploy/pytest-423/test_stage_raw_counts_md_and_i0')

    def test_stage_raw_counts_md_and_index(tmp_path):
        d = tmp_path / "sources" / "web-research" / "x"
        d.mkdir(parents=True)
        (d / "a.md").write_text("x", encoding="utf-8")
        (d / "b.md").write_text("y", encoding="utf-8")
        (d / "deep-source-index.json").write_text("{}", encoding="utf-8")
        r = lp.stage_raw("x", tmp_path)
>       assert r["ok"] and r["md_files"] == 2 and r["has_source_index"]
E       KeyError: 'ok'

_scripts/test_raw_to_wiki_content_loop_pilot.py:41: KeyError
_______________________ test_stage_raw_absent_is_not_ok ________________________

tmp_path = PosixPath('/tmp/pytest-of-deploy/pytest-423/test_stage_raw_absent_is_not_o0')

    def test_stage_raw_absent_is_not_ok(tmp_path):
        r = lp.stage_raw("inexistant", tmp_path)
>       assert not r["ok"] and r["md_files"] == 0
E       KeyError: 'ok'

_scripts/test_raw_to_wiki_content_loop_pilot.py:46: KeyError
__________________ test_stage_consumer_replay_only_is_blocked __________________

tmp_path = PosixPath('/tmp/pytest-of-deploy/pytest-423/test_stage_consumer_replay_onl0')

    def test_stage_consumer_replay_only_is_blocked(tmp_path):
        # un repo monorepo avec SEULEMENT replay_projection.py → pas de writer forward → bloqué.
        proj = tmp_path / "scripts" / "seo-projection"
        proj.mkdir(parents=True)
        (proj / "replay_projection.py").write_text("# exports/seo replay only, no INSERT", encoding="utf-8")
>       r = lp.stage_consumer("plaquette-de-frein", tmp_path)
E       AttributeError: module 'loop_pilot' has no attribute 'stage_consumer'

_scripts/test_raw_to_wiki_content_loop_pilot.py:54: AttributeError
__________________ test_stage_consumer_detects_forward_writer __________________

tmp_path = PosixPath('/tmp/pytest-of-deploy/pytest-423/test_stage_consumer_detects_fo0')

    def test_stage_consumer_detects_forward_writer(tmp_path):
        proj = tmp_path / "scripts" / "seo-projection"
        proj.mkdir(parents=True)
        (proj / "project_exports.py").write_text(
            "# reads exports/seo and writes\nq = 'INSERT INTO __seo_entity_facts ...'\n", encoding="utf-8")
>       r = lp.stage_consumer("plaquette-de-frein", tmp_path)
E       AttributeError: module 'loop_pilot' has no attribute 'stage_consumer'

_scripts/test_raw_to_wiki_content_loop_pilot.py:63: AttributeError
_ test_promotion_uses_canonical_decision_not_tier[ELIGIBLE-True-reasons0-PASS] _

monkeypatch = <_pytest.monkeypatch.MonkeyPatch object at 0x7f2b37ab1480>
tmp_path = PosixPath('/tmp/pytest-of-deploy/pytest-423/test_promotion_uses_canonical_0')
status = 'ELIGIBLE', eligible = True, reasons = [], expected = 'PASS'

    @pytest.mark.parametrize('status,eligible,reasons,expected', [
        ('ELIGIBLE', True, [], lp.PASS),
        ('BLOCKED', False, [{'code': 'SOURCE_MISSING'}], lp.FAIL),
        ('UNKNOWN_FAIL_CLOSED', False, [{'code': 'PROVENANCE_UNAVAILABLE'}], lp.UNKNOWN),
        ('SKIP', False, [], lp.FAIL),
        ('ELIGIBLE', True, [{'code': 'SOURCE_MISSING'}], lp.UNKNOWN),
        ('ELIGIBLE', False, [], lp.UNKNOWN),
        (None, None, [], lp.UNKNOWN),
    ])
    def test_promotion_uses_canonical_decision_not_tier(monkeypatch, tmp_path, status, eligible, reasons, expected):
        row = {'tier': 'A', 'promotion_status': status, 'eligible': eligible, 'blocking_reasons': reasons}
        monkeypatch.setattr(lp, '_run', lambda cmd: (0, json.dumps({'threshold': 0.85, 'report': [row]}), ''))
        result = lp.stage_promotion('gamme:fixture', tmp_path, None)
        assert result['state'] == expected
        assert result['blocking_reasons'] == reasons
>       assert result['promotion_status'] == status
E       KeyError: 'promotion_status'

_scripts/test_raw_to_wiki_content_loop_pilot.py:113: KeyError
_ test_promotion_uses_canonical_decision_not_tier[BLOCKED-False-reasons1-FAIL] _

monkeypatch = <_pytest.monkeypatch.MonkeyPatch object at 0x7f2b37a8ae60>
tmp_path = PosixPath('/tmp/pytest-of-deploy/pytest-423/test_promotion_uses_canonical_1')
status = 'BLOCKED', eligible = False, reasons = [{'code': 'SOURCE_MISSING'}]
expected = 'FAIL'

    @pytest.mark.parametrize('status,eligible,reasons,expected', [
        ('ELIGIBLE', True, [], lp.PASS),
        ('BLOCKED', False, [{'code': 'SOURCE_MISSING'}], lp.FAIL),
        ('UNKNOWN_FAIL_CLOSED', False, [{'code': 'PROVENANCE_UNAVAILABLE'}], lp.UNKNOWN),
        ('SKIP', False, [], lp.FAIL),
        ('ELIGIBLE', True, [{'code': 'SOURCE_MISSING'}], lp.UNKNOWN),
        ('ELIGIBLE', False, [], lp.UNKNOWN),
        (None, None, [], lp.UNKNOWN),
    ])
    def test_promotion_uses_canonical_decision_not_tier(monkeypatch, tmp_path, status, eligible, reasons, expected):
        row = {'tier': 'A', 'promotion_status': status, 'eligible': eligible, 'blocking_reasons': reasons}
        monkeypatch.setattr(lp, '_run', lambda cmd: (0, json.dumps({'threshold': 0.85, 'report': [row]}), ''))
        result = lp.stage_promotion('gamme:fixture', tmp_path, None)
>       assert result['state'] == expected
E       AssertionError: assert 'PASS' == 'FAIL'
E         
E         - FAIL
E         + PASS

_scripts/test_raw_to_wiki_content_loop_pilot.py:111: AssertionError
_ test_promotion_uses_canonical_decision_not_tier[UNKNOWN_FAIL_CLOSED-False-reasons2-UNKNOWN] _

monkeypatch = <_pytest.monkeypatch.MonkeyPatch object at 0x7f2b384e8820>
tmp_path = PosixPath('/tmp/pytest-of-deploy/pytest-423/test_promotion_uses_canonical_2')
status = 'UNKNOWN_FAIL_CLOSED', eligible = False
reasons = [{'code': 'PROVENANCE_UNAVAILABLE'}], expected = 'UNKNOWN'

    @pytest.mark.parametrize('status,eligible,reasons,expected', [
        ('ELIGIBLE', True, [], lp.PASS),
        ('BLOCKED', False, [{'code': 'SOURCE_MISSING'}], lp.FAIL),
        ('UNKNOWN_FAIL_CLOSED', False, [{'code': 'PROVENANCE_UNAVAILABLE'}], lp.UNKNOWN),
        ('SKIP', False, [], lp.FAIL),
        ('ELIGIBLE', True, [{'code': 'SOURCE_MISSING'}], lp.UNKNOWN),
        ('ELIGIBLE', False, [], lp.UNKNOWN),
        (None, None, [], lp.UNKNOWN),
    ])
    def test_promotion_uses_canonical_decision_not_tier(monkeypatch, tmp_path, status, eligible, reasons, expected):
        row = {'tier': 'A', 'promotion_status': status, 'eligible': eligible, 'blocking_reasons': reasons}
        monkeypatch.setattr(lp, '_run', lambda cmd: (0, json.dumps({'threshold': 0.85, 'report': [row]}), ''))
        result = lp.stage_promotion('gamme:fixture', tmp_path, None)
>       assert result['state'] == expected
E       AssertionError: assert 'PASS' == 'UNKNOWN'
E         
E         - UNKNOWN
E         + PASS

_scripts/test_raw_to_wiki_content_loop_pilot.py:111: AssertionError
__ test_promotion_uses_canonical_decision_not_tier[SKIP-False-reasons3-FAIL] ___

monkeypatch = <_pytest.monkeypatch.MonkeyPatch object at 0x7f2b37a89a80>
tmp_path = PosixPath('/tmp/pytest-of-deploy/pytest-423/test_promotion_uses_canonical_3')
status = 'SKIP', eligible = False, reasons = [], expected = 'FAIL'

    @pytest.mark.parametrize('status,eligible,reasons,expected', [
        ('ELIGIBLE', True, [], lp.PASS),
        ('BLOCKED', False, [{'code': 'SOURCE_MISSING'}], lp.FAIL),
        ('UNKNOWN_FAIL_CLOSED', False, [{'code': 'PROVENANCE_UNAVAILABLE'}], lp.UNKNOWN),
        ('SKIP', False, [], lp.FAIL),
        ('ELIGIBLE', True, [{'code': 'SOURCE_MISSING'}], lp.UNKNOWN),
        ('ELIGIBLE', False, [], lp.UNKNOWN),
        (None, None, [], lp.UNKNOWN),
    ])
    def test_promotion_uses_canonical_decision_not_tier(monkeypatch, tmp_path, status, eligible, reasons, expected):
        row = {'tier': 'A', 'promotion_status': status, 'eligible': eligible, 'blocking_reasons': reasons}
        monkeypatch.setattr(lp, '_run', lambda cmd: (0, json.dumps({'threshold': 0.85, 'report': [row]}), ''))
        result = lp.stage_promotion('gamme:fixture', tmp_path, None)
>       assert result['state'] == expected
E       AssertionError: assert 'PASS' == 'FAIL'
E         
E         - FAIL
E         + PASS

_scripts/test_raw_to_wiki_content_loop_pilot.py:111: AssertionError
_ test_promotion_uses_canonical_decision_not_tier[ELIGIBLE-True-reasons4-UNKNOWN] _

monkeypatch = <_pytest.monkeypatch.MonkeyPatch object at 0x7f2b37a6ad10>
tmp_path = PosixPath('/tmp/pytest-of-deploy/pytest-423/test_promotion_uses_canonical_4')
status = 'ELIGIBLE', eligible = True, reasons = [{'code': 'SOURCE_MISSING'}]
expected = 'UNKNOWN'

    @pytest.mark.parametrize('status,eligible,reasons,expected', [
        ('ELIGIBLE', True, [], lp.PASS),
        ('BLOCKED', False, [{'code': 'SOURCE_MISSING'}], lp.FAIL),
        ('UNKNOWN_FAIL_CLOSED', False, [{'code': 'PROVENANCE_UNAVAILABLE'}], lp.UNKNOWN),
        ('SKIP', False, [], lp.FAIL),
        ('ELIGIBLE', True, [{'code': 'SOURCE_MISSING'}], lp.UNKNOWN),
        ('ELIGIBLE', False, [], lp.UNKNOWN),
        (None, None, [], lp.UNKNOWN),
    ])
    def test_promotion_uses_canonical_decision_not_tier(monkeypatch, tmp_path, status, eligible, reasons, expected):
        row = {'tier': 'A', 'promotion_status': status, 'eligible': eligible, 'blocking_reasons': reasons}
        monkeypatch.setattr(lp, '_run', lambda cmd: (0, json.dumps({'threshold': 0.85, 'report': [row]}), ''))
        result = lp.stage_promotion('gamme:fixture', tmp_path, None)
>       assert result['state'] == expected
E       AssertionError: assert 'PASS' == 'UNKNOWN'
E         
E         - UNKNOWN
E         + PASS

_scripts/test_raw_to_wiki_content_loop_pilot.py:111: AssertionError
_ test_promotion_uses_canonical_decision_not_tier[ELIGIBLE-False-reasons5-UNKNOWN] _

monkeypatch = <_pytest.monkeypatch.MonkeyPatch object at 0x7f2b37ab05b0>
tmp_path = PosixPath('/tmp/pytest-of-deploy/pytest-423/test_promotion_uses_canonical_5')
status = 'ELIGIBLE', eligible = False, reasons = [], expected = 'UNKNOWN'

    @pytest.mark.parametrize('status,eligible,reasons,expected', [
        ('ELIGIBLE', True, [], lp.PASS),
        ('BLOCKED', False, [{'code': 'SOURCE_MISSING'}], lp.FAIL),
        ('UNKNOWN_FAIL_CLOSED', False, [{'code': 'PROVENANCE_UNAVAILABLE'}], lp.UNKNOWN),
        ('SKIP', False, [], lp.FAIL),
        ('ELIGIBLE', True, [{'code': 'SOURCE_MISSING'}], lp.UNKNOWN),
        ('ELIGIBLE', False, [], lp.UNKNOWN),
        (None, None, [], lp.UNKNOWN),
    ])
    def test_promotion_uses_canonical_decision_not_tier(monkeypatch, tmp_path, status, eligible, reasons, expected):
        row = {'tier': 'A', 'promotion_status': status, 'eligible': eligible, 'blocking_reasons': reasons}
        monkeypatch.setattr(lp, '_run', lambda cmd: (0, json.dumps({'threshold': 0.85, 'report': [row]}), ''))
        result = lp.stage_promotion('gamme:fixture', tmp_path, None)
>       assert result['state'] == expected
E       AssertionError: assert 'PASS' == 'UNKNOWN'
E         
E         - UNKNOWN
E         + PASS

_scripts/test_raw_to_wiki_content_loop_pilot.py:111: AssertionError
_ test_promotion_uses_canonical_decision_not_tier[None-None-reasons6-UNKNOWN] __

monkeypatch = <_pytest.monkeypatch.MonkeyPatch object at 0x7f2b37c42ad0>
tmp_path = PosixPath('/tmp/pytest-of-deploy/pytest-423/test_promotion_uses_canonical_6')
status = None, eligible = None, reasons = [], expected = 'UNKNOWN'

    @pytest.mark.parametrize('status,eligible,reasons,expected', [
        ('ELIGIBLE', True, [], lp.PASS),
        ('BLOCKED', False, [{'code': 'SOURCE_MISSING'}], lp.FAIL),
        ('UNKNOWN_FAIL_CLOSED', False, [{'code': 'PROVENANCE_UNAVAILABLE'}], lp.UNKNOWN),
        ('SKIP', False, [], lp.FAIL),
        ('ELIGIBLE', True, [{'code': 'SOURCE_MISSING'}], lp.UNKNOWN),
        ('ELIGIBLE', False, [], lp.UNKNOWN),
        (None, None, [], lp.UNKNOWN),
    ])
    def test_promotion_uses_canonical_decision_not_tier(monkeypatch, tmp_path, status, eligible, reasons, expected):
        row = {'tier': 'A', 'promotion_status': status, 'eligible': eligible, 'blocking_reasons': reasons}
        monkeypatch.setattr(lp, '_run', lambda cmd: (0, json.dumps({'threshold': 0.85, 'report': [row]}), ''))
        result = lp.stage_promotion('gamme:fixture', tmp_path, None)
>       assert result['state'] == expected
E       AssertionError: assert 'PASS' == 'UNKNOWN'
E         
E         - UNKNOWN
E         + PASS

_scripts/test_raw_to_wiki_content_loop_pilot.py:111: AssertionError
__________ test_promotion_does_not_accept_output_from_failed_process ___________

monkeypatch = <_pytest.monkeypatch.MonkeyPatch object at 0x7f2b384ea4d0>
tmp_path = PosixPath('/tmp/pytest-of-deploy/pytest-423/test_promotion_does_not_accept0')

    def test_promotion_does_not_accept_output_from_failed_process(monkeypatch, tmp_path):
        row = {'tier': 'A', 'promotion_status': 'ELIGIBLE', 'eligible': True, 'blocking_reasons': []}
        monkeypatch.setattr(lp, '_run', lambda cmd: (2, json.dumps({'report': [row]}), 'invalid argument'))
>       assert lp.stage_promotion('gamme:fixture', tmp_path, None)['state'] == lp.UNKNOWN
E       AssertionError: assert 'PASS' == 'UNKNOWN'
E         
E         - UNKNOWN
E         + PASS

_scripts/test_raw_to_wiki_content_loop_pilot.py:119: AssertionError
___________ test_promotion_requires_one_unambiguous_decision[rows0] ____________

monkeypatch = <_pytest.monkeypatch.MonkeyPatch object at 0x7f2b37c428c0>
tmp_path = PosixPath('/tmp/pytest-of-deploy/pytest-423/test_promotion_requires_one_un0')
rows = []

    @pytest.mark.parametrize('rows', [[], [{}, {}]])
    def test_promotion_requires_one_unambiguous_decision(monkeypatch, tmp_path, rows):
        monkeypatch.setattr(lp, '_run', lambda cmd: (0, json.dumps({'report': rows}), ''))
>       assert lp.stage_promotion('gamme:fixture', tmp_path, None)['state'] == lp.UNKNOWN
E       AssertionError: assert 'FAIL' == 'UNKNOWN'
E         
E         - UNKNOWN
E         + FAIL

_scripts/test_raw_to_wiki_content_loop_pilot.py:125: AssertionError
___________ test_promotion_requires_one_unambiguous_decision[rows1] ____________

monkeypatch = <_pytest.monkeypatch.MonkeyPatch object at 0x7f2b37a89030>
tmp_path = PosixPath('/tmp/pytest-of-deploy/pytest-423/test_promotion_requires_one_un1')
rows = [{}, {}]

    @pytest.mark.parametrize('rows', [[], [{}, {}]])
    def test_promotion_requires_one_unambiguous_decision(monkeypatch, tmp_path, rows):
        monkeypatch.setattr(lp, '_run', lambda cmd: (0, json.dumps({'report': rows}), ''))
>       assert lp.stage_promotion('gamme:fixture', tmp_path, None)['state'] == lp.UNKNOWN
E       AssertionError: assert 'FAIL' == 'UNKNOWN'
E         
E         - UNKNOWN
E         + FAIL

_scripts/test_raw_to_wiki_content_loop_pilot.py:125: AssertionError
______________ test_promotion_forwards_raw_and_inherits_threshold ______________

monkeypatch = <_pytest.monkeypatch.MonkeyPatch object at 0x7f2b37a511b0>
tmp_path = PosixPath('/tmp/pytest-of-deploy/pytest-423/test_promotion_forwards_raw_an0')

    def test_promotion_forwards_raw_and_inherits_threshold(monkeypatch, tmp_path):
        calls = []
        row = {'tier': 'A', 'promotion_status': 'ELIGIBLE', 'eligible': True, 'blocking_reasons': []}
        def invoke(cmd):
            calls.append(cmd)
            return 0, json.dumps({'threshold': 0.85, 'report': [row]}), ''
        monkeypatch.setattr(lp, '_run', invoke)
>       result = lp.stage_promotion('gamme:fixture', tmp_path, None, raw_root=tmp_path / 'raw')
E       TypeError: stage_promotion() got an unexpected keyword argument 'raw_root'

_scripts/test_raw_to_wiki_content_loop_pilot.py:135: TypeError
_____________________ test_main_inherits_promoter_default ______________________

monkeypatch = <_pytest.monkeypatch.MonkeyPatch object at 0x7f2b37a8aa70>
tmp_path = PosixPath('/tmp/pytest-of-deploy/pytest-423/test_main_inherits_promoter_de0')
capsys = <_pytest.capture.CaptureFixture object at 0x7f2b37a8b6a0>

    def test_main_inherits_promoter_default(monkeypatch, tmp_path, capsys):
        calls = []
        def run(*args):
            calls.append(args)
            return {'business_loop_closed': False, 'loop_closed': False}
        monkeypatch.setattr(lp, 'run', run)
        lp.main(['--entity', 'gamme:fixture', '--raw-root', str(tmp_path)])
        assert calls[0][2] == tmp_path
>       assert calls[0][5] is None
E       assert 0.8 is None

_scripts/test_raw_to_wiki_content_loop_pilot.py:153: AssertionError
----------------------------- Captured stdout call -----------------------------
{
  "business_loop_closed": false,
  "loop_closed": false
}
=========================== short test summary info ============================
FAILED _scripts/test_raw_to_wiki_content_loop_pilot.py::test_stage_raw_counts_md_and_index
FAILED _scripts/test_raw_to_wiki_content_loop_pilot.py::test_stage_raw_absent_is_not_ok
FAILED _scripts/test_raw_to_wiki_content_loop_pilot.py::test_stage_consumer_replay_only_is_blocked
FAILED _scripts/test_raw_to_wiki_content_loop_pilot.py::test_stage_consumer_detects_forward_writer
FAILED _scripts/test_raw_to_wiki_content_loop_pilot.py::test_promotion_uses_canonical_decision_not_tier[ELIGIBLE-True-reasons0-PASS]
FAILED _scripts/test_raw_to_wiki_content_loop_pilot.py::test_promotion_uses_canonical_decision_not_tier[BLOCKED-False-reasons1-FAIL]
FAILED _scripts/test_raw_to_wiki_content_loop_pilot.py::test_promotion_uses_canonical_decision_not_tier[UNKNOWN_FAIL_CLOSED-False-reasons2-UNKNOWN]
FAILED _scripts/test_raw_to_wiki_content_loop_pilot.py::test_promotion_uses_canonical_decision_not_tier[SKIP-False-reasons3-FAIL]
FAILED _scripts/test_raw_to_wiki_content_loop_pilot.py::test_promotion_uses_canonical_decision_not_tier[ELIGIBLE-True-reasons4-UNKNOWN]
FAILED _scripts/test_raw_to_wiki_content_loop_pilot.py::test_promotion_uses_canonical_decision_not_tier[ELIGIBLE-False-reasons5-UNKNOWN]
FAILED _scripts/test_raw_to_wiki_content_loop_pilot.py::test_promotion_uses_canonical_decision_not_tier[None-None-reasons6-UNKNOWN]
FAILED _scripts/test_raw_to_wiki_content_loop_pilot.py::test_promotion_does_not_accept_output_from_failed_process
FAILED _scripts/test_raw_to_wiki_content_loop_pilot.py::test_promotion_requires_one_unambiguous_decision[rows0]
FAILED _scripts/test_raw_to_wiki_content_loop_pilot.py::test_promotion_requires_one_unambiguous_decision[rows1]
FAILED _scripts/test_raw_to_wiki_content_loop_pilot.py::test_promotion_forwards_raw_and_inherits_threshold
FAILED _scripts/test_raw_to_wiki_content_loop_pilot.py::test_main_inherits_promoter_default
16 failed, 6 passed in 0.20s
