PASS backend/src/modules/admin/controllers/internal-seo-audit.r3.test.ts (16.871 s)
  ● Console

    console.log
      ◇ injected env (0) from backend/.env.test // tip: ⌘ custom filepath { path: '/custom/path/.env' }

      at _log (../../../../node_modules/dotenv/lib/main.js:131:11)

PASS backend/src/modules/admin/services/keyword-plan-gates.dedup.test.ts
  ● Console

    console.log
      ◇ injected env (0) from backend/.env.test // tip: ⌘ suppress logs { quiet: true }

      at _log (../../../../node_modules/dotenv/lib/main.js:131:11)

[32m[Nest] 808712  - [39m13/09/2026 12:06:42 [32m    LOG[39m [38;5;3m[KeywordPlanGatesService] [39m[32mAudit: 7/7 sections (100%), avg=100, improve=2, create=0, priority=0[39m
[32m[Nest] 808712  - [39m13/09/2026 12:06:42 [32m    LOG[39m [38;5;3m[KeywordPlanGatesService] [39m[32mAudit: 7/7 sections (100%), avg=100, improve=7, create=0, priority=0[39m
[32m[Nest] 808712  - [39m13/09/2026 12:06:42 [32m    LOG[39m [38;5;3m[KeywordPlanGatesService] [39m[32mAudit: 7/7 sections (100%), avg=100, improve=2, create=0, priority=0[39m
[32m[Nest] 808712  - [39m13/09/2026 12:06:42 [32m    LOG[39m [38;5;3m[KeywordPlanGatesService] [39m[32mAudit: 7/7 sections (100%), avg=100, improve=2, create=0, priority=0[39m
[32m[Nest] 808712  - [39m13/09/2026 12:06:42 [32m    LOG[39m [38;5;3m[KeywordPlanGatesService] [39m[32mAudit: 7/7 sections (100%), avg=100, improve=3, create=0, priority=0[39m
[32m[Nest] 808712  - [39m13/09/2026 12:06:42 [32m    LOG[39m [38;5;3m[KeywordPlanGatesService] [39m[32mAudit: 7/7 sections (100%), avg=100, improve=0, create=0, priority=0[39m
[32m[Nest] 808712  - [39m13/09/2026 12:06:42 [32m    LOG[39m [38;5;3m[KeywordPlanGatesService] [39m[32mAudit: 7/7 sections (100%), avg=100, improve=0, create=0, priority=0[39m
PASS backend/src/modules/admin/services/conseil-quality-scorer.service.test.ts
  ● Console

    console.log
      ◇ injected env (0) from backend/.env.test // tip: ⌘ custom filepath { path: '/custom/path/.env' }

      at _log (../../../../node_modules/dotenv/lib/main.js:131:11)

PASS backend/src/modules/admin/services/conseil-quality-backfill.test.ts
  ● Console

    console.log
      ◇ injected env (0) from backend/.env.test // tip: ⌘ enable debugging { debug: true }

      at _log (../../../../node_modules/dotenv/lib/main.js:131:11)

PASS backend/src/modules/admin/services/quality-gate-reducer.characterization.test.ts
  ● Console

    console.log
      ◇ injected env (0) from backend/.env.test // tip: ⌘ suppress logs { quiet: true }

      at _log (../../../../node_modules/dotenv/lib/main.js:131:11)

PASS backend/src/modules/admin/services/keyword-plan-gates.sources.test.ts
  ● Console

    console.log
      ◇ injected env (0) from backend/.env.test // tip: ⌘ override existing { override: true }

      at _log (../../../../node_modules/dotenv/lib/main.js:131:11)


Test Suites: 6 passed, 6 total
Tests:       70 passed, 70 total
Snapshots:   0 total
Time:        17.511 s, estimated 28 s
Ran all test suites within paths "backend/src/modules/admin/controllers/internal-seo-audit.r3.test.ts", "backend/src/modules/admin/services/conseil-quality-scorer.service.test.ts", "backend/src/modules/admin/services/conseil-quality-backfill.test.ts", "backend/src/modules/admin/services/keyword-plan-gates.sources.test.ts", "backend/src/modules/admin/services/keyword-plan-gates.dedup.test.ts", "backend/src/modules/admin/services/quality-gate-reducer.characterization.test.ts".
[32m[Nest] 808712  - [39m13/09/2026 12:06:42 [32m    LOG[39m [38;5;3m[KeywordPlanGatesService] [39m[32mGates for disque-de-frein: score=100, dup=0.00, r1Risk=0.00, cov=1.00[39m
[33m[Nest] 808712  - [39m13/09/2026 12:06:42 [33m   WARN[39m [38;5;3m[KeywordPlanGatesService] [39m[33m[R3 Contract] Validation issues (observe) disque-de-frein: boundaries.forbidden_terms: Invalid input: expected array, received undefined; heading_plan: Invalid input: expected array, received object; query_clusters.head: Invalid input: expected array, received undefined; section_terms.S1: Invalid input: expected object, received undefined; section_terms.S2_DIAG: Invalid input: expected object, received undefined[39m
[32m[Nest] 808712  - [39m13/09/2026 12:06:42 [32m    LOG[39m [38;5;3m[KeywordPlanGatesService] [39m[32mGates for disque-de-frein: score=70, dup=0.00, r1Risk=0.00, cov=1.00[39m
[33m[Nest] 808712  - [39m13/09/2026 12:06:42 [33m   WARN[39m [38;5;3m[KeywordPlanGatesService] [39m[33m[R3 Contract] Validation issues (observe) disque-de-frein: primary_intent: Invalid option: expected one of "informational"|"how-to"|"diagnostic"|"comparison"; boundaries.forbidden_terms: Invalid input: expected array, received undefined; heading_plan: Invalid input: expected array, received object; query_clusters.head: Invalid input: expected array, received undefined; section_terms.S1: Invalid input: expected object, received undefined[39m
[32m[Nest] 808712  - [39m13/09/2026 12:06:42 [32m    LOG[39m [38;5;3m[KeywordPlanGatesService] [39m[32mGates for disque-de-frein: score=90, dup=0.00, r1Risk=0.00, cov=1.00[39m
[33m[Nest] 808712  - [39m13/09/2026 12:06:42 [33m   WARN[39m [38;5;3m[KeywordPlanGatesService] [39m[33m[R3 Contract] Validation issues (observe) disque-de-frein: boundaries.forbidden_terms: Invalid input: expected array, received undefined; heading_plan: Invalid input: expected array, received object; query_clusters.head: Invalid input: expected array, received undefined; section_terms.S1: Invalid input: expected object, received undefined; section_terms.S2_DIAG: Invalid input: expected object, received undefined[39m
[32m[Nest] 808712  - [39m13/09/2026 12:06:42 [32m    LOG[39m [38;5;3m[KeywordPlanGatesService] [39m[32mGates for disque-de-frein: score=93, dup=0.08, r1Risk=0.00, cov=1.00[39m
[33m[Nest] 808712  - [39m13/09/2026 12:06:42 [33m   WARN[39m [38;5;3m[KeywordPlanGatesService] [39m[33m[R3 Contract] Validation issues (observe) disque-de-frein: boundaries.forbidden_terms: Invalid input: expected array, received undefined; heading_plan: Invalid input: expected array, received object; query_clusters.head: Invalid input: expected array, received undefined; section_terms.S2_DIAG: Invalid input: expected object, received undefined; section_terms.S4_DEPOSE: Invalid input: expected object, received undefined[39m
[32m[Nest] 808712  - [39m13/09/2026 12:06:42 [32m    LOG[39m [38;5;3m[KeywordPlanGatesService] [39m[32mAudit: 7/7 sections (100%), avg=100, improve=1, create=0, priority=5[39m
[32m[Nest] 808712  - [39m13/09/2026 12:06:42 [32m    LOG[39m [38;5;3m[KeywordPlanGatesService] [39m[32mAudit: 7/7 sections (100%), avg=100, improve=0, create=0, priority=0[39m
