FAIL src/modules/seo-projection/seo-projection-writer-role-scope.test.ts (9.814 s)
  ● R8 : legacy active refuse le rejeu avant facts et blocs

    expect(received).rejects.toThrow()

    Received promise resolved instead of rejected
    Resolved to value: {"blocksWritten": 1, "conflicts": 0, "entity_id": "vehicle:renault-scenic-ii", "factsOutcome": "written", "factsVersionId": "v-1", "role": "R8_VEHICLE", "roleOutcome": "written"}

      915 |       legacyLookupError: scenario === 'lookup failure' ? 'DB unavailable' : undefined,
      916 |     });
    > 917 |     await expect(makeWriter(client).writeEntity(exp, 'r8-legacy', 'R8_VEHICLE'))
          |           ^
      918 |       .rejects.toThrow(scenario === 'legacy active'
      919 |         ? `legacy R8 block requires reconciliation: ${legacyId}`
      920 |         : 'R8 legacy identity check failed: DB unavailable');

      at expect (../../../../node_modules/expect/build/index.js:113:15)
      at src/modules/seo-projection/seo-projection-writer-role-scope.test.ts:917:11

  ● R8 : lookup failure refuse le rejeu avant facts et blocs

    expect(received).rejects.toThrow()

    Received promise resolved instead of rejected
    Resolved to value: {"blocksWritten": 1, "conflicts": 0, "entity_id": "vehicle:renault-scenic-ii", "factsOutcome": "written", "factsVersionId": "v-1", "role": "R8_VEHICLE", "roleOutcome": "written"}

      915 |       legacyLookupError: scenario === 'lookup failure' ? 'DB unavailable' : undefined,
      916 |     });
    > 917 |     await expect(makeWriter(client).writeEntity(exp, 'r8-legacy', 'R8_VEHICLE'))
          |           ^
      918 |       .rejects.toThrow(scenario === 'legacy active'
      919 |         ? `legacy R8 block requires reconciliation: ${legacyId}`
      920 |         : 'R8 legacy identity check failed: DB unavailable');

      at expect (../../../../node_modules/expect/build/index.js:113:15)
      at src/modules/seo-projection/seo-projection-writer-role-scope.test.ts:917:11

Test Suites: 1 failed, 1 total
Tests:       2 failed, 35 passed, 37 total
Snapshots:   0 total
Time:        10.016 s
