FAIL src/modules/seo-projection/seo-projection-refresh.processor.test.ts (10.279 s)
  ● refreshViews — confirmation des deux vues du contrat RPC › refuse une confirmation vide

    expect(received).resolves.toEqual(expected) // deep equality

    - Expected  - 1
    + Received  + 0

      Object {
    -   "error": "incomplete projection refresh response",
        "refreshed": false,
      }

      38 |   ])('refuse une confirmation %s', async (_label, data) => {
      39 |     const { writer } = makeWriter(data);
    > 40 |     await expect(writer.refreshViews()).resolves.toEqual({
         |                                                  ^
      41 |       refreshed: false, error: 'incomplete projection refresh response',
      42 |     });
      43 |   });

      at Object.toEqual (../../../../node_modules/expect/build/index.js:174:22)
      at src/modules/seo-projection/seo-projection-refresh.processor.test.ts:40:50

  ● refreshViews — confirmation des deux vues du contrat RPC › refuse une confirmation absent

    expect(received).resolves.toEqual(expected) // deep equality

    - Expected  - 1
    + Received  + 0

      Object {
    -   "error": "incomplete projection refresh response",
        "refreshed": false,
      }

      38 |   ])('refuse une confirmation %s', async (_label, data) => {
      39 |     const { writer } = makeWriter(data);
    > 40 |     await expect(writer.refreshViews()).resolves.toEqual({
         |                                                  ^
      41 |       refreshed: false, error: 'incomplete projection refresh response',
      42 |     });
      43 |   });

      at Object.toEqual (../../../../node_modules/expect/build/index.js:174:22)
      at src/modules/seo-projection/seo-projection-refresh.processor.test.ts:40:50

  ● refreshViews — confirmation des deux vues du contrat RPC › refuse une confirmation une seule vue

    expect(received).resolves.toEqual(expected) // deep equality

    - Expected  - 2
    + Received  + 1

      Object {
    -   "error": "incomplete projection refresh response",
    -   "refreshed": false,
    +   "refreshed": true,
      }

      38 |   ])('refuse une confirmation %s', async (_label, data) => {
      39 |     const { writer } = makeWriter(data);
    > 40 |     await expect(writer.refreshViews()).resolves.toEqual({
         |                                                  ^
      41 |       refreshed: false, error: 'incomplete projection refresh response',
      42 |     });
      43 |   });

      at Object.toEqual (../../../../node_modules/expect/build/index.js:174:22)
      at src/modules/seo-projection/seo-projection-refresh.processor.test.ts:40:50

  ● refreshViews — confirmation des deux vues du contrat RPC › refuse une confirmation doublon

    expect(received).resolves.toEqual(expected) // deep equality

    - Expected  - 2
    + Received  + 1

      Object {
    -   "error": "incomplete projection refresh response",
    -   "refreshed": false,
    +   "refreshed": true,
      }

      38 |   ])('refuse une confirmation %s', async (_label, data) => {
      39 |     const { writer } = makeWriter(data);
    > 40 |     await expect(writer.refreshViews()).resolves.toEqual({
         |                                                  ^
      41 |       refreshed: false, error: 'incomplete projection refresh response',
      42 |     });
      43 |   });

      at Object.toEqual (../../../../node_modules/expect/build/index.js:174:22)
      at src/modules/seo-projection/seo-projection-refresh.processor.test.ts:40:50

  ● refreshViews — confirmation des deux vues du contrat RPC › refuse une confirmation vue inconnue

    expect(received).resolves.toEqual(expected) // deep equality

    - Expected  - 2
    + Received  + 1

      Object {
    -   "error": "incomplete projection refresh response",
    -   "refreshed": false,
    +   "refreshed": true,
      }

      38 |   ])('refuse une confirmation %s', async (_label, data) => {
      39 |     const { writer } = makeWriter(data);
    > 40 |     await expect(writer.refreshViews()).resolves.toEqual({
         |                                                  ^
      41 |       refreshed: false, error: 'incomplete projection refresh response',
      42 |     });
      43 |   });

      at Object.toEqual (../../../../node_modules/expect/build/index.js:174:22)
      at src/modules/seo-projection/seo-projection-refresh.processor.test.ts:40:50

  ● refreshViews — confirmation des deux vues du contrat RPC › refuse une confirmation echec partiel

    expect(received).resolves.toEqual(expected) // deep equality

    - Expected  - 1
    + Received  + 0

      Object {
    -   "error": "incomplete projection refresh response",
        "refreshed": false,
      }

      38 |   ])('refuse une confirmation %s', async (_label, data) => {
      39 |     const { writer } = makeWriter(data);
    > 40 |     await expect(writer.refreshViews()).resolves.toEqual({
         |                                                  ^
      41 |       refreshed: false, error: 'incomplete projection refresh response',
      42 |     });
      43 |   });

      at Object.toEqual (../../../../node_modules/expect/build/index.js:174:22)
      at src/modules/seo-projection/seo-projection-refresh.processor.test.ts:40:50

  ● refreshViews — confirmation des deux vues du contrat RPC › refuse une confirmation booleen invalide

    expect(received).resolves.toEqual(expected) // deep equality

    - Expected  - 2
    + Received  + 1

      Object {
    -   "error": "incomplete projection refresh response",
    -   "refreshed": false,
    +   "refreshed": true,
      }

      38 |   ])('refuse une confirmation %s', async (_label, data) => {
      39 |     const { writer } = makeWriter(data);
    > 40 |     await expect(writer.refreshViews()).resolves.toEqual({
         |                                                  ^
      41 |       refreshed: false, error: 'incomplete projection refresh response',
      42 |     });
      43 |   });

      at Object.toEqual (../../../../node_modules/expect/build/index.js:174:22)
      at src/modules/seo-projection/seo-projection-refresh.processor.test.ts:40:50

  ● refreshViews — confirmation des deux vues du contrat RPC › refuse une confirmation ligne nulle

    expect(received).resolves.toEqual()

    Received promise rejected instead of resolved
    Rejected to value: [TypeError: Cannot read properties of null (reading 'refreshed')]

      38 |   ])('refuse une confirmation %s', async (_label, data) => {
      39 |     const { writer } = makeWriter(data);
    > 40 |     await expect(writer.refreshViews()).resolves.toEqual({
         |           ^
      41 |       refreshed: false, error: 'incomplete projection refresh response',
      42 |     });
      43 |   });

      at expect (../../../../node_modules/expect/build/index.js:113:15)
      at src/modules/seo-projection/seo-projection-refresh.processor.test.ts:40:11

  ● refresh processor — echec transmis a la file › rejette une panne puis accepte un rejeu reussi

    expect(received).rejects.toThrow()

    Received promise resolved instead of rejected
    Resolved to value: {"error": "RPC unavailable", "refreshed": false}

      58 |       .mockResolvedValueOnce({ refreshed: true });
      59 |     const processor = new SeoProjectionRefreshProcessor({ refreshViews } as unknown as SeoProjectionWriterService);
    > 60 |     await expect(processor.handle(job)).rejects.toThrow('RPC unavailable');
         |           ^
      61 |     await expect(processor.handle(job)).resolves.toEqual({ refreshed: true });
      62 |     expect(refreshViews).toHaveBeenCalledTimes(2);
      63 |   });

      at expect (../../../../node_modules/expect/build/index.js:113:15)
      at Object.<anonymous> (src/modules/seo-projection/seo-projection-refresh.processor.test.ts:60:11)

  ● refresh processor — echec transmis a la file › le moteur Bull natif classe une confirmation partielle en failed, jamais completed

    expect(jest.fn()).not.toHaveBeenCalled()

    Expected number of calls: 0
    Received number of calls: 1

    1: {"refreshed": true}, undefined, true

      84 |     });
      85 |     await queue.processJob({ ...job, name: PROJECTION_REFRESH_JOB, opts: {}, moveToCompleted, moveToFailed }, true);
    > 86 |     expect(moveToCompleted).not.toHaveBeenCalled();
         |                                 ^
      87 |     expect(moveToFailed).toHaveBeenCalledWith(expect.objectContaining({ message: expect.stringContaining('incomplete projection refresh response') }));
      88 |   });
      89 | });

      at Object.<anonymous> (src/modules/seo-projection/seo-projection-refresh.processor.test.ts:86:33)

[32m[Nest] 496065  - [39m12/09/2026 23:10:00 [32m    LOG[39m [38;5;3m[SeoProjectionRefreshProcessor] [39m[32mprojection refresh (run=refresh-run) → refreshed=false (RPC unavailable)[39m
[32m[Nest] 496065  - [39m12/09/2026 23:10:00 [32m    LOG[39m [38;5;3m[SeoProjectionRefreshProcessor] [39m[32mprojection refresh (run=refresh-run) → refreshed=false (READ_ONLY)[39m
[32m[Nest] 496065  - [39m12/09/2026 23:10:00 [32m    LOG[39m [38;5;3m[SeoProjectionRefreshProcessor] [39m[32mprojection refresh (run=refresh-run) → refreshed=true[39m
Test Suites: 1 failed, 1 total
Tests:       10 failed, 4 passed, 14 total
Snapshots:   0 total
Time:        10.465 s
