Collecting fastapi==0.129.0
  Using cached fastapi-0.129.0-py3-none-any.whl (102 kB)
Collecting pydantic-settings==2.12.0
  Using cached pydantic_settings-2.12.0-py3-none-any.whl (51 kB)
Collecting weaviate-client==4.19.2
  Using cached weaviate_client-4.19.2-py3-none-any.whl (603 kB)
Collecting python-frontmatter==1.1.0
  Using cached python_frontmatter-1.1.0-py3-none-any.whl (9.8 kB)
Collecting pytest==8.4.1
  Using cached pytest-8.4.1-py3-none-any.whl (365 kB)
Collecting starlette<1.0.0,>=0.40.0
  Using cached starlette-0.52.1-py3-none-any.whl (74 kB)
Collecting annotated-doc>=0.0.2
  Using cached annotated_doc-0.0.5-py3-none-any.whl (5.3 kB)
Collecting typing-extensions>=4.8.0
  Using cached typing_extensions-4.16.0-py3-none-any.whl (45 kB)
Collecting typing-inspection>=0.4.2
  Using cached typing_inspection-0.4.4-py3-none-any.whl (14 kB)
Collecting pydantic>=2.7.0
  Downloading pydantic-2.13.5-py3-none-any.whl (472 kB)
     ━━━━━━━━━━━━━━━━━━━━━━━━━━━━━━━━━━━━━━ 472.6/472.6 KB 14.5 MB/s eta 0:00:00
Collecting python-dotenv>=0.21.0
  Using cached python_dotenv-1.2.3-py3-none-any.whl (22 kB)
Collecting deprecation<3.0.0,>=2.1.0
  Using cached deprecation-2.1.0-py2.py3-none-any.whl (11 kB)
Collecting grpcio<1.80.0,>=1.59.5
  Using cached grpcio-1.78.0-cp310-cp310-manylinux2014_x86_64.manylinux_2_17_x86_64.whl (6.7 MB)
Collecting httpx<0.29.0,>=0.26.0
  Using cached httpx-0.28.1-py3-none-any.whl (73 kB)
Collecting protobuf<7.0.0,>=4.21.6
  Using cached protobuf-6.33.6-cp39-abi3-manylinux2014_x86_64.whl (323 kB)
Collecting authlib<2.0.0,>=1.6.5
  Using cached authlib-1.8.0-py2.py3-none-any.whl (260 kB)
Collecting validators<1.0.0,>=0.34.0
  Using cached validators-0.35.0-py3-none-any.whl (44 kB)
Collecting PyYAML
  Using cached pyyaml-6.0.3-cp310-cp310-manylinux2014_x86_64.manylinux_2_17_x86_64.manylinux_2_28_x86_64.whl (770 kB)
Collecting packaging>=20
  Using cached packaging-26.3-py3-none-any.whl (129 kB)
Collecting pygments>=2.7.2
  Using cached pygments-2.21.0-py3-none-any.whl (1.3 MB)
Collecting exceptiongroup>=1
  Using cached exceptiongroup-1.3.1-py3-none-any.whl (16 kB)
Collecting tomli>=1
  Using cached tomli-2.4.1-py3-none-any.whl (14 kB)
Collecting pluggy<2,>=1.5
  Using cached pluggy-1.6.0-py3-none-any.whl (20 kB)
Collecting iniconfig>=1
  Using cached iniconfig-2.3.0-py3-none-any.whl (7.5 kB)
Collecting cryptography>=45.0.1
  Downloading cryptography-50.0.1-cp39-abi3-manylinux_2_34_x86_64.whl (4.8 MB)
     ━━━━━━━━━━━━━━━━━━━━━━━━━━━━━━━━━━━━━━━━ 4.8/4.8 MB 42.4 MB/s eta 0:00:00
Collecting joserfc>=1.6.1
  Using cached joserfc-1.7.5-py3-none-any.whl (71 kB)
Collecting httpcore==1.*
  Downloading httpcore-1.0.9-py3-none-any.whl (78 kB)
     ━━━━━━━━━━━━━━━━━━━━━━━━━━━━━━━━━━━━━━━━ 78.8/78.8 KB 39.0 MB/s eta 0:00:00
Collecting certifi
  Downloading certifi-2026.7.22-py3-none-any.whl (136 kB)
     ━━━━━━━━━━━━━━━━━━━━━━━━━━━━━━━━━━━━━━ 137.0/137.0 KB 64.4 MB/s eta 0:00:00
Collecting anyio
  Downloading anyio-4.15.1-py3-none-any.whl (132 kB)
     ━━━━━━━━━━━━━━━━━━━━━━━━━━━━━━━━━━━━━━ 132.1/132.1 KB 60.4 MB/s eta 0:00:00
Collecting idna
  Downloading idna-3.19-py3-none-any.whl (68 kB)
     ━━━━━━━━━━━━━━━━━━━━━━━━━━━━━━━━━━━━━━━━ 68.5/68.5 KB 33.8 MB/s eta 0:00:00
Collecting h11>=0.16
  Downloading h11-0.16.0-py3-none-any.whl (37 kB)
Collecting annotated-types>=0.6.0
  Using cached annotated_types-0.8.0-py3-none-any.whl (13 kB)
Collecting pydantic-core==2.46.5
  Downloading pydantic_core-2.46.5-cp310-cp310-manylinux_2_17_x86_64.manylinux2014_x86_64.whl (2.1 MB)
     ━━━━━━━━━━━━━━━━━━━━━━━━━━━━━━━━━━━━━━━━ 2.1/2.1 MB 82.2 MB/s eta 0:00:00
Collecting cffi>=2.0.0
  Downloading cffi-2.1.1-cp310-cp310-manylinux2014_x86_64.manylinux_2_17_x86_64.whl (218 kB)
     ━━━━━━━━━━━━━━━━━━━━━━━━━━━━━━━━━━━━━━ 218.7/218.7 KB 65.1 MB/s eta 0:00:00
Collecting pycparser
  Downloading pycparser-3.0-py3-none-any.whl (48 kB)
     ━━━━━━━━━━━━━━━━━━━━━━━━━━━━━━━━━━━━━━━━ 48.2/48.2 KB 23.8 MB/s eta 0:00:00
Installing collected packages: validators, typing-extensions, tomli, PyYAML, python-dotenv, pygments, pycparser, protobuf, pluggy, packaging, iniconfig, idna, h11, certifi, annotated-types, annotated-doc, typing-inspection, python-frontmatter, pydantic-core, httpcore, grpcio, exceptiongroup, deprecation, cffi, pytest, pydantic, cryptography, anyio, starlette, pydantic-settings, joserfc, httpx, fastapi, authlib, weaviate-client
Successfully installed PyYAML-6.0.3 annotated-doc-0.0.5 annotated-types-0.8.0 anyio-4.15.1 authlib-1.8.0 certifi-2026.7.22 cffi-2.1.1 cryptography-50.0.1 deprecation-2.1.0 exceptiongroup-1.3.1 fastapi-0.129.0 grpcio-1.78.0 h11-0.16.0 httpcore-1.0.9 httpx-0.28.1 idna-3.19 iniconfig-2.3.0 joserfc-1.7.5 packaging-26.3 pluggy-1.6.0 protobuf-6.33.6 pycparser-3.0 pydantic-2.13.5 pydantic-core-2.46.5 pydantic-settings-2.12.0 pygments-2.21.0 pytest-8.4.1 python-dotenv-1.2.3 python-frontmatter-1.1.0 starlette-0.52.1 tomli-2.4.1 typing-extensions-4.16.0 typing-inspection-0.4.4 validators-0.35.0 weaviate-client-4.19.2
EXIT_CODE=0
