FAIL src/modules/seo-projection/seo-projection-snapshot.test.ts (9.602 s)
  ● Console

    console.log
      ◇ injected env (0) from .env.test // tip: ⌘ override existing { override: true }

      at _log (../../../../node_modules/dotenv/lib/main.js:131:11)

  ● refuse deux entrées du même nom avant de produire une archive ambiguë

    expect(received).toThrow(expected)

    Expected pattern: /duplicate snapshot entry/i

    Received function did not throw

      140 |     e('commun.json', '{"entity_id":"gamme:commun"}'),
      141 |     e('commun.json', '{"entity_id":"vehicle:commun"}'),
    > 142 |   ])).toThrow(/duplicate snapshot entry/i);
          |       ^
      143 | });
      144 |

      at Object.<anonymous> (src/modules/seo-projection/seo-projection-snapshot.test.ts:142:7)

FAIL src/modules/seo-projection/seo-projection-writer-role-scope.test.ts
  ● Console

    console.log
      ◇ injected env (0) from .env.test // tip: ⌘ custom filepath { path: '/custom/path/.env' }

      at _log (../../../../node_modules/dotenv/lib/main.js:131:11)

  ● identité des octets archivés et projetés › un changement du fichier after-open-run ne remplace pas les octets capturés

    expect(received).toEqual(expected) // deep equality

    - Expected  - 2
    + Received  + 2

    @@ -18,11 +18,11 @@
          },
        ],
        "consumers_allowed": Array [
          "seo",
        ],
    -   "content_hash": "FACTS_H1",
    +   "content_hash": "CHANGED",
        "entity_id": "gamme:filtre-a-huile",
        "entity_type": "gamme",
        "facts": Array [
          Object {
            "k": "v",
    @@ -33,9 +33,9 @@
        "roles_allowed": Array [
          "R3_CONSEILS",
          "R4_REFERENCE",
        ],
        "schema_version": "2.0.0",
    -   "source_wiki_commit": "abc1234",
    +   "source_wiki_commit": "changed-commit",
        "sources": Array [],
        "wiki_path": "wiki/gamme/filtre-a-huile.md",
      }

      572 |         const size = parseInt(tar.toString('ascii', 124, 135), 8);
      573 |         const archived = JSON.parse(tar.toString('utf8', 512, 512 + size));
    > 574 |         expect(archived).toEqual(original);
          |                          ^
      575 |         expect(written).toEqual([archived]);
      576 |         expect(JSON.parse(readFileSync(input, 'utf8'))).toEqual(changed);
      577 |       } finally {

      at src/modules/seo-projection/seo-projection-writer-role-scope.test.ts:574:26

  ● identité des octets archivés et projetés › un changement du fichier after-snapshot ne remplace pas les octets capturés

    expect(received).toEqual(expected) // deep equality

    - Expected  - 2
    + Received  + 2

    @@ -19,11 +19,11 @@
            },
          ],
          "consumers_allowed": Array [
            "seo",
          ],
    -     "content_hash": "FACTS_H1",
    +     "content_hash": "CHANGED",
          "entity_id": "gamme:filtre-a-huile",
          "entity_type": "gamme",
          "facts": Array [
            Object {
              "k": "v",
    @@ -34,10 +34,10 @@
          "roles_allowed": Array [
            "R3_CONSEILS",
            "R4_REFERENCE",
          ],
          "schema_version": "2.0.0",
    -     "source_wiki_commit": "abc1234",
    +     "source_wiki_commit": "changed-commit",
          "sources": Array [],
          "wiki_path": "wiki/gamme/filtre-a-huile.md",
        },
      ]

      573 |         const archived = JSON.parse(tar.toString('utf8', 512, 512 + size));
      574 |         expect(archived).toEqual(original);
    > 575 |         expect(written).toEqual([archived]);
          |                         ^
      576 |         expect(JSON.parse(readFileSync(input, 'utf8'))).toEqual(changed);
      577 |       } finally {
      578 |         rmSync(root, { recursive: true, force: true });

      at src/modules/seo-projection/seo-projection-writer-role-scope.test.ts:575:25

Test Suites: 2 failed, 2 total
Tests:       3 failed, 27 passed, 30 total
Snapshots:   0 total
Time:        10.132 s, estimated 11 s
Ran all test suites within paths "src/modules/seo-projection/seo-projection-writer-role-scope.test.ts", "src/modules/seo-projection/seo-projection-snapshot.test.ts".
EXIT_CODE=1
